<html>
<body>
<pre>
<h1>µVision Build Log</h1>
<h2>Tool Versions:</h2>
IDE-Version: ¦ÌVision V5.25.2.0
Copyright (C) 2018 ARM Ltd and ARM Germany GmbH. All rights reserved.
License Information: lgc AutoBVT, Microsoft, LIC=UB401-CNRC4-YB0E9-4CJ1T-2MW32-1B9LK
 
Tool Versions:
Toolchain:       MDK-ARM Professional  Version: 5.25.2.0
Toolchain Path:  F:\install\keil\ARM\ARMCC\Bin
C Compiler:      Armcc.exe V5.06 update 6 (build 750)
Assembler:       Armasm.exe V5.06 update 6 (build 750)
Linker/Locator:  ArmLink.exe V5.06 update 6 (build 750)
Library Manager: ArmAr.exe V5.06 update 6 (build 750)
Hex Converter:   FromElf.exe V5.06 update 6 (build 750)
CPU DLL:         SARMCM3.DLL V5.25.2.0
Dialog DLL:      DARMCM1.DLL V1.19.1.0
Target DLL:      STLink\ST-LINKIII-KEIL_SWO.dll V3.0.1.0
Dialog DLL:      TARMCM1.DLL V1.14.0.0
 
<h2>Project:</h2>
F:\Bochiot_git\STM32L0\Project.uvprojx
Project File Date:  08/06/2018

<h2>Output:</h2>
*** Using Compiler 'V5.06 update 6 (build 750)', folder: 'F:\install\keil\ARM\ARMCC\Bin'
Build target 'STM32L053R8_NUCLEO'
compiling i2c.c...
compiling bochiot_protocol.c...
compiling main.c...
src\main.c(1869): warning:  #177-D: function "Lora_Sleep_handle"  was declared but never referenced
  static void Lora_Sleep_handle(SPI_HandleTypeDef *SpiHandle)
src\main.c(516): warning:  #177-D: function "MX_GPIO_DeInit"  was declared but never referenced
  static void MX_GPIO_DeInit(void)
src\main.c(412): warning:  #177-D: function "STM32_Stop"  was declared but never referenced
  static void	STM32_Stop(void)
src\main.c: 3 warnings, 0 errors
compiling ekey.c...
compiling lora.c...
compiling flash.c...
compiling adc.c...
compiling rtc.c...
compiling stm32l0xx_hal_msp.c...
compiling stm32l0xx_nucleo.c...
compiling stm32l0xx_it.c...
compiling uart_debug.c...
compiling sx1272-Lora.c...
compiling crc.c...
compiling usbd_conf.c...
compiling usbd_desc.c...
compiling timer.c...
compiling system_stm32l0xx.c...
compiling stm32l0xx_hal.c...
compiling stm32l0xx_hal_adc_ex.c...
compiling stm32l0xx_hal_adc.c...
compiling stm32l0xx_hal_flash.c...
compiling stm32l0xx_hal_cortex.c...
compiling stm32l0xx_hal_dma.c...
compiling stm32l0xx_hal_flash_ex.c...
compiling stm32l0xx_hal_gpio.c...
compiling stm32l0xx_hal_iwdg.c...
compiling stm32l0xx_hal_pcd_ex.c...
compiling stm32l0xx_hal_pcd.c...
compiling stm32l0xx_hal_pwr.c...
compiling stm32l0xx_hal_pwr_ex.c...
compiling stm32l0xx_hal_rcc.c...
compiling stm32l0xx_hal_rcc_ex.c...
compiling stm32l0xx_hal_rtc.c...
compiling stm32l0xx_hal_rtc_ex.c...
compiling stm32l0xx_hal_spi.c...
compiling stm32l0xx_hal_tim.c...
compiling stm32l0xx_hal_tim_ex.c...
compiling stm32l0xx_hal_uart.c...
compiling stm32l0xx_hal_uart_ex.c...
compiling usbd_core.c...
compiling usbd_ctlreq.c...
compiling usbd_ioreq.c...
assembling startup_stm32l053xx.s...
compiling usbd_customhid.c...
linking...
Program Size: Code=32144 RO-data=252 RW-data=236 ZI-data=4388  
FromELF: creating hex file...
".\OBJ\STM32L053R8_NUCLEO.axf" - 0 Error(s), 3 Warning(s).

<h2>Software Packages used:</h2>

Package Vendor: Keil
                http://www.keil.com/pack/Keil.STM32L0xx_DFP.2.0.0.pack
                Keil.STM32L0xx_DFP.2.0.0
                STMicroelectronics STM32L0 Series Device Support, Drivers and Examples

<h2>Collection of Component include folders:</h2>
  .\RTE\_STM32L053R8_NUCLEO
  F:\install\keil\ARM\PACK\Keil\STM32L0xx_DFP\2.0.0\Drivers\CMSIS\Device\ST\STM32L0xx\Include

<h2>Collection of Component Files used:</h2>
Build Time Elapsed:  00:00:10
</pre>
</body>
</html>
