Component: ARM Compiler 5.06 update 6 (build 750) Tool: armlink [4d35ed]

==============================================================================

Section Cross References

    bochiot_protocol.o(i.__anaylyze_payload) refers to bochiot_protocol.o(i.__ARM_common_switch8) for __ARM_common_switch8
    bochiot_protocol.o(i.__anaylyze_payload) refers to bochiot_protocol.o(i.__register_request) for __register_request
    bochiot_protocol.o(i.__anaylyze_payload) refers to bochiot_protocol.o(i.__heart_beat) for __heart_beat
    bochiot_protocol.o(i.__anaylyze_payload) refers to bochiot_protocol.o(i.__ctrl_dev) for __ctrl_dev
    bochiot_protocol.o(i.__anaylyze_payload) refers to bochiot_protocol.o(i.__get_voltage) for __get_voltage
    bochiot_protocol.o(i.__anaylyze_payload) refers to memcpya.o(.text) for __aeabi_memcpy
    bochiot_protocol.o(i.__anaylyze_payload) refers to ekey.o(i.add_card_handling) for add_card_handling
    bochiot_protocol.o(i.__anaylyze_payload) refers to ekey.o(i.del_open_log) for del_open_log
    bochiot_protocol.o(i.__anaylyze_payload) refers to rtc.o(i.RTC_TimeStampConfig) for RTC_TimeStampConfig
    bochiot_protocol.o(i.__anaylyze_payload) refers to bochiot_protocol.o(.data) for Cmd_Type
    bochiot_protocol.o(i.__anaylyze_payload) refers to flash.o(.bss) for g_endevice_info
    bochiot_protocol.o(i.__ctrl_dev) refers to main.o(i.bochiot_lock_ctrl) for bochiot_lock_ctrl
    bochiot_protocol.o(i.__get_voltage) refers to malloc.o(i.malloc) for malloc
    bochiot_protocol.o(i.__get_voltage) refers to memseta.o(.text) for __aeabi_memclr
    bochiot_protocol.o(i.__get_voltage) refers to bochiot_protocol.o(i.bochiot_get_dev_type) for bochiot_get_dev_type
    bochiot_protocol.o(i.__get_voltage) refers to adc.o(i.GetVoltageValue) for GetVoltageValue
    bochiot_protocol.o(i.__get_voltage) refers to bochiot_protocol.o(i.bochiot_packet_payload) for bochiot_packet_payload
    bochiot_protocol.o(i.__get_voltage) refers to malloc.o(i.free) for free
    bochiot_protocol.o(i.__get_voltage) refers to bochiot_protocol.o(.data) for func_send_msg
    bochiot_protocol.o(i.__heart_beat) refers to malloc.o(i.malloc) for malloc
    bochiot_protocol.o(i.__heart_beat) refers to memseta.o(.text) for __aeabi_memclr
    bochiot_protocol.o(i.__heart_beat) refers to bochiot_protocol.o(i.bochiot_get_dev_type) for bochiot_get_dev_type
    bochiot_protocol.o(i.__heart_beat) refers to bochiot_protocol.o(i.bochiot_get_parkSpot_status) for bochiot_get_parkSpot_status
    bochiot_protocol.o(i.__heart_beat) refers to bochiot_protocol.o(i.bochiot_get_devSwitch_status) for bochiot_get_devSwitch_status
    bochiot_protocol.o(i.__heart_beat) refers to malloc.o(i.free) for free
    bochiot_protocol.o(i.__heart_beat) refers to bochiot_protocol.o(.data) for func_send_msg
    bochiot_protocol.o(i.__register_request) refers to memcpya.o(.text) for __aeabi_memcpy
    bochiot_protocol.o(i.__register_request) refers to memcmp.o(.text) for memcmp
    bochiot_protocol.o(i.__register_request) refers to bochiot_protocol.o(i.bochiot_set_gwAddr) for bochiot_set_gwAddr
    bochiot_protocol.o(i.__register_request) refers to bochiot_protocol.o(i.bochiot_get_dev_type) for bochiot_get_dev_type
    bochiot_protocol.o(i.__register_request) refers to malloc.o(i.malloc) for malloc
    bochiot_protocol.o(i.__register_request) refers to memseta.o(.text) for __aeabi_memclr
    bochiot_protocol.o(i.__register_request) refers to malloc.o(i.free) for free
    bochiot_protocol.o(i.__register_request) refers to main.o(i.UARTx_Write) for UARTx_Write
    bochiot_protocol.o(i.__register_request) refers to flash.o(.bss) for g_endevice_info
    bochiot_protocol.o(i.__register_request) refers to bochiot_protocol.o(.data) for func_send_msg
    bochiot_protocol.o(i.__register_request) refers to main.o(.bss) for UartHandle1
    bochiot_protocol.o(i.bochiot_GetMacConfigStatus) refers to memseta.o(.text) for __aeabi_memclr
    bochiot_protocol.o(i.bochiot_GetMacConfigStatus) refers to flash.o(i.FLASH_Read) for FLASH_Read
    bochiot_protocol.o(i.bochiot_GetMacConfigStatus) refers to flash.o(.bss) for g_endevice_info
    bochiot_protocol.o(i.bochiot_SetMacConfig) refers to memseta.o(.text) for __aeabi_memclr
    bochiot_protocol.o(i.bochiot_SetMacConfig) refers to memcpya.o(.text) for __aeabi_memcpy
    bochiot_protocol.o(i.bochiot_SetMacConfig) refers to flash.o(i.FLASH_Write) for FLASH_Write
    bochiot_protocol.o(i.bochiot_SetMacConfig) refers to flash.o(.bss) for g_endevice_info
    bochiot_protocol.o(i.bochiot_anaylyze_frame) refers to bochiot_protocol.o(i.bochiot_get_localAddr) for bochiot_get_localAddr
    bochiot_protocol.o(i.bochiot_anaylyze_frame) refers to bochiot_protocol.o(i.check_mac) for check_mac
    bochiot_protocol.o(i.bochiot_anaylyze_frame) refers to memcpya.o(.text) for __aeabi_memcpy
    bochiot_protocol.o(i.bochiot_anaylyze_frame) refers to memcmp.o(.text) for memcmp
[...]
    i.__ctrl_dev                             0x08006d40   Section        0  bochiot_protocol.o(i.__ctrl_dev)
    i.__get_voltage                          0x08006d4c   Section        0  bochiot_protocol.o(i.__get_voltage)
    __get_voltage                            0x08006d4d   Thumb Code   114  bochiot_protocol.o(i.__get_voltage)
    i.__heart_beat                           0x08006dc4   Section        0  bochiot_protocol.o(i.__heart_beat)
    __heart_beat                             0x08006dc5   Thumb Code    88  bochiot_protocol.o(i.__heart_beat)
    i.__register_request                     0x08006e20   Section        0  bochiot_protocol.o(i.__register_request)
    __register_request                       0x08006e21   Thumb Code   160  bochiot_protocol.o(i.__register_request)
    i.__scatterload_copy                     0x08006ecc   Section       14  handlers.o(i.__scatterload_copy)
    i.__scatterload_null                     0x08006eda   Section        2  handlers.o(i.__scatterload_null)
    i.__scatterload_zeroinit                 0x08006edc   Section       14  handlers.o(i.__scatterload_zeroinit)
    i._i2c_Read_Byte                         0x08006eec   Section        0  i2c.o(i._i2c_Read_Byte)
    i._i2c_SendAck                           0x08006f50   Section        0  i2c.o(i._i2c_SendAck)
    i._i2c_SendNoack                         0x08006fa0   Section        0  i2c.o(i._i2c_SendNoack)
    i._i2c_Send_Byte                         0x08006ff0   Section        0  i2c.o(i._i2c_Send_Byte)
    i.add_card_ask                           0x080070b4   Section        0  ekey.o(i.add_card_ask)
    add_card_ask                             0x080070b5   Thumb Code   130  ekey.o(i.add_card_ask)
    i.add_card_handling                      0x08007138   Section        0  ekey.o(i.add_card_handling)
    i.add_open_log                           0x080071a8   Section        0  ekey.o(i.add_open_log)
    add_open_log                             0x080071a9   Thumb Code   162  ekey.o(i.add_open_log)
    i.bochiot_anaylyze_frame                 0x0800725c   Section        0  bochiot_protocol.o(i.bochiot_anaylyze_frame)
    i.bochiot_check_str                      0x08007308   Section        0  bochiot_protocol.o(i.bochiot_check_str)
    i.bochiot_get_devSwitch_status           0x0800732a   Section        0  bochiot_protocol.o(i.bochiot_get_devSwitch_status)
    i.bochiot_get_dev_type                   0x0800732e   Section        0  bochiot_protocol.o(i.bochiot_get_dev_type)
    i.bochiot_get_gwAddr                     0x08007334   Section        0  bochiot_protocol.o(i.bochiot_get_gwAddr)
    i.bochiot_get_localAddr                  0x08007354   Section        0  bochiot_protocol.o(i.bochiot_get_localAddr)
    i.bochiot_get_parkSpot_status            0x0800738c   Section        0  bochiot_protocol.o(i.bochiot_get_parkSpot_status)
    i.bochiot_init                           0x08007390   Section        0  main.o(i.bochiot_init)
    i.bochiot_lock_ctrl                      0x080073ec   Section        0  main.o(i.bochiot_lock_ctrl)
    i.bochiot_packet_payload                 0x0800742c   Section        0  bochiot_protocol.o(i.bochiot_packet_payload)
    i.bochiot_protocol_init                  0x080074d8   Section        0  bochiot_protocol.o(i.bochiot_protocol_init)
    i.bochiot_send_msg                       0x080074e4   Section        0  main.o(i.bochiot_send_msg)
    i.bochiot_set_gwAddr                     0x08007530   Section        0  bochiot_protocol.o(i.bochiot_set_gwAddr)
    i.check_mac                              0x0800756c   Section        0  bochiot_protocol.o(i.check_mac)
    i.debugger_init                          0x08007650   Section        0  i2c.o(i.debugger_init)
    i.del_open_log                           0x08007698   Section        0  ekey.o(i.del_open_log)
    i.delay_us                               0x080076fc   Section        0  i2c.o(i.delay_us)
    i.dequeue_open_log                       0x08007718   Section        0  ekey.o(i.dequeue_open_log)
    dequeue_open_log                         0x08007719   Thumb Code    44  ekey.o(i.dequeue_open_log)
    i.ekey_flash_init                        0x0800774c   Section        0  ekey.o(i.ekey_flash_init)
    i.ekey_flash_read                        0x080077b4   Section        0  flash.o(i.ekey_flash_read)
    i.enqueue_open_log                       0x0800782c   Section        0  ekey.o(i.enqueue_open_log)
    enqueue_open_log                         0x0800782d   Thumb Code    44  ekey.o(i.enqueue_open_log)
    i.free                                   0x08007860   Section        0  malloc.o(i.free)
    i.get_RTC_Handle                         0x080078b4   Section        0  rtc.o(i.get_RTC_Handle)
    i.get_opencard_id                        0x080078bc   Section        0  ekey.o(i.get_opencard_id)
    get_opencard_id                          0x080078bd   Thumb Code    38  ekey.o(i.get_opencard_id)
    i.get_real_tim                           0x080078e4   Section        0  rtc.o(i.get_real_tim)
    i.get_write_card_idx                     0x0800792c   Section        0  ekey.o(i.get_write_card_idx)
    get_write_card_idx                       0x0800792d   Thumb Code    70  ekey.o(i.get_write_card_idx)
    i.i2c_inputpin_init                      0x08007978   Section        0  i2c.o(i.i2c_inputpin_init)
    i.i2c_outputpin_init                     0x080079ac   Section        0  i2c.o(i.i2c_outputpin_init)
    i.judge_pwd_valid                        0x080079e0   Section        0  ekey.o(i.judge_pwd_valid)
    judge_pwd_valid                          0x080079e1   Thumb Code    54  ekey.o(i.judge_pwd_valid)
    i.lock_and_beep_GPIO_Init                0x08007a1c   Section        0  main.o(i.lock_and_beep_GPIO_Init)
    lock_and_beep_GPIO_Init                  0x08007a1d   Thumb Code    38  main.o(i.lock_and_beep_GPIO_Init)
    i.log_tx                                 0x08007a50   Section        0  ekey.o(i.log_tx)
    i.main                                   0x08007ab0   Section        0  main.o(i.main)
    i.malloc                                 0x08007b64   Section        0  malloc.o(i.malloc)
    i.open_lock                              0x08007bd0   Section        0  main.o(i.open_lock)
    i.refresh_password_status                0x08007bdc   Section        0  ekey.o(i.refresh_password_status)
    i.send_open_log                          0x08007c24   Section        0  ekey.o(i.send_open_log)
    send_open_log                            0x08007c25   Thumb Code   182  ekey.o(i.send_open_log)
    i.start_i2c                              0x08007ce4   Section        0  i2c.o(i.start_i2c)
    i.stop_i2c                               0x08007d38   Section        0  i2c.o(i.stop_i2c)
    i.swipe_card_handling                    0x08007d94   Section        0  ekey.o(i.swipe_card_handling)
    i.time_request                           0x08007dc4   Section        0  rtc.o(i.time_request)
    .constdata                               0x08007e50   Section       28  stm32l0xx_hal_rcc.o(.constdata)
    .data                                    0x20000000   Section       37  bochiot_protocol.o(.data)
    index                                    0x20000004   Data           1  bochiot_protocol.o(.data)
    mac_number                               0x20000005   Data           1  bochiot_protocol.o(.data)
    switch_ctrol                             0x20000006   Data           1  bochiot_protocol.o(.data)
    Cmd_Type                                 0x20000007   Data           1  bochiot_protocol.o(.data)
    first_flag                               0x20000020   Data           4  bochiot_protocol.o(.data)
    spot_status                              0x20000024   Data           1  bochiot_protocol.o(.data)
    .data                                    0x20000028   Section       60  main.o(.data)
    UsbState                                 0x20000028   Data           1  main.o(.data)
    flag                                     0x20000029   Data           1  main.o(.data)
    flash_flag                               0x2000002a   Data           1  main.o(.data)
    recv_time                                0x2000002b   Data           1  main.o(.data)
    ret                                      0x20000054   Data           4  main.o(.data)
    recv_len                                 0x20000058   Data           1  main.o(.data)
    wait_ack_flag                            0x20000059   Data           1  main.o(.data)
    wait_count_time                          0x2000005a   Data           1  main.o(.data)
    check_count_time                         0x2000005c   Data           4  main.o(.data)
    heart_beat_time                          0x20000060   Data           4  main.o(.data)
    .data                                    0x20000064   Section       10  lora.o(.data)
    .data                                    0x20000070   Section       24  flash.o(.data)
    .data                                    0x20000088   Section        6  ekey.o(.data)
    g_FIFO_queue                             0x20000088   Data           4  ekey.o(.data)
    g_resend_count                           0x2000008c   Data           1  ekey.o(.data)
    send_log_counter                         0x2000008d   Data           1  ekey.o(.data)
    .data                                    0x20000090   Section        8  adc.o(.data)
    .data                                    0x20000098   Section        4  usbd_conf.o(.data)
    .data                                    0x2000009c   Section        4  timer.o(.data)
    .data                                    0x200000a0   Section       29  system_stm32l0xx.o(.data)
    .data                                    0x200000c0   Section        4  stm32l0xx_hal.o(.data)
    uwTick                                   0x200000c0   Data           4  stm32l0xx_hal.o(.data)
    .data                                    0x200000c4   Section       25  stm32l0xx_hal_rcc.o(.data)
    PLLMulTable                              0x200000c4   Data           9  stm32l0xx_hal_rcc.o(.data)
    APBAHBPrescTable                         0x200000cd   Data          16  stm32l0xx_hal_rcc.o(.data)
    .data                                    0x200000dd   Section        1  usbd_ctlreq.o(.data)
    cfgidx                                   0x200000dd   Data           1  usbd_ctlreq.o(.data)
    .data                                    0x200000e0   Section        4  rand.o(.data)
    _rand_state                              0x200000e0   Data           4  rand.o(.data)
    .data                                    0x200000e4   Section        4  mvars.o(.data)
    .data                                    0x200000e8   Section        4  mvars.o(.data)
    .bss                                     0x200000ec   Section     1128  main.o(.bss)
    IwdgHandle                               0x200003f0   Data          20  main.o(.bss)
    RxIrqFlg                                 0x2000049c   Data          32  main.o(.bss)
    recv_msg                                 0x200004bc   Data         128  main.o(.bss)
    RCC_CRSInitStruct                        0x2000053c   Data          24  main.o(.bss)
    .bss                                     0x20000554   Section      192  lora.o(.bss)
    .bss                                     0x20000614   Section       56  flash.o(.bss)
    EraseInitStruct                          0x20000640   Data          12  flash.o(.bss)
    .bss                                     0x2000064c   Section      336  ekey.o(.bss)
    g_local_password                         0x2000064c   Data          80  ekey.o(.bss)
    g_open_log                               0x2000069c   Data         256  ekey.o(.bss)
    .bss                                     0x2000079c   Section       92  adc.o(.bss)
    .bss                                     0x200007f8   Section       36  rtc.o(.bss)
    RTCHandle                                0x200007f8   Data          36  rtc.o(.bss)
    .bss                                     0x2000081c   Section      392  usbd_conf.o(.bss)
    mem                                      0x20000994   Data          16  usbd_conf.o(.bss)
    .bss                                     0x200009a4   Section       56  timer.o(.bss)
    .bss                                     0x200009dc   Section       20  stm32l0xx_hal_flash.o(.bss)
    .bss                                     0x200009f0   Section       32  stm32l0xx_hal_pcd.o(.bss)
    HEAP                                     0x20000a10   Section     1024  startup_stm32l053xx.o(HEAP)
    STACK                                    0x20000e10   Section     1024  startup_stm32l053xx.o(STACK)

    Global Symbols

    Symbol Name                              Value     Ov Type        Size  Object(Section)

    BuildAttributes$$THM_ISAv3M$S$PE$A:L22$X:L11$S22$IEEE1$IW$USESV6$~STKCKD$USESV7$~SHL$OTIME$ROPI$EBA8$MICROLIB$REQ8$PRES8$EABIv2 0x00000000   Number         0  anon$$obj.o ABSOLUTE
    __ARM_use_no_argv                        0x00000000   Number         0  main.o ABSOLUTE
    __cpp_initialize__aeabi_                  - Undefined Weak Reference
    __cxa_finalize                            - Undefined Weak Reference
    __decompress                              - Undefined Weak Reference
    _clock_init                               - Undefined Weak Reference
    _microlib_exit                            - Undefined Weak Reference
    __Vectors_Size                           0x000000c0   Number         0  startup_stm32l053xx.o ABSOLUTE
    __Vectors                                0x08000000   Data           4  startup_stm32l053xx.o(RESET)
    __Vectors_End                            0x080000c0   Data           0  startup_stm32l053xx.o(RESET)
    __main                                   0x080000c1   Thumb Code     0  entry.o(.ARM.Collect$$$$00000000)
    _main_stk                                0x080000c1   Thumb Code     0  entry2.o(.ARM.Collect$$$$00000001)
    _main_scatterload                        0x080000c5   Thumb Code     0  entry5.o(.ARM.Collect$$$$00000004)
    __main_after_scatterload                 0x080000c9   Thumb Code     0  entry5.o(.ARM.Collect$$$$00000004)
    _main_clock                              0x080000c9   Thumb Code     0  entry7b.o(.ARM.Collect$$$$00000008)
    _main_cpp_init                           0x080000c9   Thumb Code     0  entry8b.o(.ARM.Collect$$$$0000000A)
    _main_init                               0x080000c9   Thumb Code     0  entry9a.o(.ARM.Collect$$$$0000000B)
    __rt_final_cpp                           0x080000d1   Thumb Code     0  entry10a.o(.ARM.Collect$$$$0000000D)
    __rt_final_exit                          0x080000d1   Thumb Code     0  entry11a.o(.ARM.Collect$$$$0000000F)
    Reset_Handler                            0x080000d5   Thumb Code     8  startup_stm32l053xx.o(.text)
    ADC1_COMP_IRQHandler                     0x080000e9   Thumb Code     0  startup_stm32l053xx.o(.text)
    DMA1_Channel1_IRQHandler                 0x080000e9   Thumb Code     0  startup_stm32l053xx.o(.text)
    DMA1_Channel2_3_IRQHandler               0x080000e9   Thumb Code     0  startup_stm32l053xx.o(.text)
    DMA1_Channel4_5_6_7_IRQHandler           0x080000e9   Thumb Code     0  startup_stm32l053xx.o(.text)
    EXTI0_1_IRQHandler                       0x080000e9   Thumb Code     0  startup_stm32l053xx.o(.text)
    EXTI2_3_IRQHandler                       0x080000e9   Thumb Code     0  startup_stm32l053xx.o(.text)
    FLASH_IRQHandler                         0x080000e9   Thumb Code     0  startup_stm32l053xx.o(.text)
    I2C1_IRQHandler                          0x080000e9   Thumb Code     0  startup_stm32l053xx.o(.text)
    I2C2_IRQHandler                          0x080000e9   Thumb Code     0  startup_stm32l053xx.o(.text)
    LCD_IRQHandler                           0x080000e9   Thumb Code     0  startup_stm32l053xx.o(.text)
    LPTIM1_IRQHandler                        0x080000e9   Thumb Code     0  startup_stm32l053xx.o(.text)
    PVD_IRQHandler                           0x080000e9   Thumb Code     0  startup_stm32l053xx.o(.text)
    RCC_CRS_IRQHandler                       0x080000e9   Thumb Code     0  startup_stm32l053xx.o(.text)
    RNG_LPUART1_IRQHandler                   0x080000e9   Thumb Code     0  startup_stm32l053xx.o(.text)
    SPI1_IRQHandler                          0x080000e9   Thumb Code     0  startup_stm32l053xx.o(.text)
    SPI2_IRQHandler                          0x080000e9   Thumb Code     0  startup_stm32l053xx.o(.text)
    TIM21_IRQHandler                         0x080000e9   Thumb Code     0  startup_stm32l053xx.o(.text)
    TIM22_IRQHandler                         0x080000e9   Thumb Code     0  startup_stm32l053xx.o(.text)
    TIM2_IRQHandler                          0x080000e9   Thumb Code     0  startup_stm32l053xx.o(.text)
    TSC_IRQHandler                           0x080000e9   Thumb Code     0  startup_stm32l053xx.o(.text)
    USART1_IRQHandler                        0x080000e9   Thumb Code     0  startup_stm32l053xx.o(.text)
    USART2_IRQHandler                        0x080000e9   Thumb Code     0  startup_stm32l053xx.o(.text)
    WWDG_IRQHandler                          0x080000e9   Thumb Code     0  startup_stm32l053xx.o(.text)
    __aeabi_uidiv                            0x080000f5   Thumb Code     0  uidiv.o(.text)
    __aeabi_uidivmod                         0x080000f5   Thumb Code    44  uidiv.o(.text)
    rand                                     0x08000121   Thumb Code    18  rand.o(.text)
    srand                                    0x08000133   Thumb Code     6  rand.o(.text)
    __aeabi_memcpy                           0x08000145   Thumb Code    36  memcpya.o(.text)
    __aeabi_memcpy4                          0x08000145   Thumb Code     0  memcpya.o(.text)
    __aeabi_memcpy8                          0x08000145   Thumb Code     0  memcpya.o(.text)
    __aeabi_memset                           0x08000169   Thumb Code    14  memseta.o(.text)
    __aeabi_memset4                          0x08000169   Thumb Code     0  memseta.o(.text)
    __aeabi_memset8                          0x08000169   Thumb Code     0  memseta.o(.text)
    __aeabi_memclr                           0x08000177   Thumb Code     4  memseta.o(.text)
    __aeabi_memclr4                          0x08000177   Thumb Code     0  memseta.o(.text)
    __aeabi_memclr8                          0x08000177   Thumb Code     0  memseta.o(.text)
    _memset$wrapper                          0x0800017b   Thumb Code    18  memseta.o(.text)
    memcmp                                   0x0800018d   Thumb Code    26  memcmp.o(.text)
    strcpy                                   0x080001a7   Thumb Code    18  strcpy.o(.text)
    __aeabi_dmul                             0x080001b9   Thumb Code   202  dmul.o(.text)
    __aeabi_ddiv                             0x08000289   Thumb Code   234  ddiv.o(.text)
    __aeabi_ui2f                             0x08000379   Thumb Code    14  ffltui.o(.text)
    __aeabi_f2d                              0x08000387   Thumb Code    40  f2d.o(.text)
    __aeabi_d2f                              0x080003af   Thumb Code    56  d2f.o(.text)
    __aeabi_cfcmpeq                          0x080003e9   Thumb Code     0  cfcmple.o(.text)
    __aeabi_cfcmple                          0x080003e9   Thumb Code    20  cfcmple.o(.text)
    __aeabi_cfrcmple                         0x080003fd   Thumb Code    20  cfrcmple.o(.text)
    __aeabi_llsl                             0x08000411   Thumb Code    32  llshl.o(.text)
    _ll_shift_l                              0x08000411   Thumb Code     0  llshl.o(.text)
    __aeabi_llsr                             0x08000431   Thumb Code    34  llushr.o(.text)
    _ll_ushift_r                             0x08000431   Thumb Code     0  llushr.o(.text)
    __I$use$fp                               0x08000453   Thumb Code     0  iusefp.o(.text)
    _float_round                             0x08000453   Thumb Code    16  fepilogue.o(.text)
    _float_epilogue                          0x08000463   Thumb Code   114  fepilogue.o(.text)
    _double_round                            0x080004d5   Thumb Code    26  depilogue.o(.text)
    _double_epilogue                         0x080004ef   Thumb Code   164  depilogue.o(.text)
    __scatterload                            0x08000595   Thumb Code    28  init.o(.text)
    __scatterload_rt2                        0x08000595   Thumb Code     0  init.o(.text)
    ADC_Initialize                           0x08000659   Thumb Code   134  adc.o(i.ADC_Initialize)
    BEEP_CTROL_OFF                           0x080006f1   Thumb Code    16  main.o(i.BEEP_CTROL_OFF)
    BEEP_CTROL_ON                            0x08000701   Thumb Code    16  main.o(i.BEEP_CTROL_ON)
    CLOKC_CTROL_OFF                          0x08000723   Thumb Code    30  main.o(i.CLOKC_CTROL_OFF)
    CLOKC_CTROL_On                           0x08000741   Thumb Code    30  main.o(i.CLOKC_CTROL_On)
    CLOKC_CTROL_STANDBY                      0x0800075f   Thumb Code    32  main.o(i.CLOKC_CTROL_STANDBY)
    DebugMon_Handler                         0x0800077f   Thumb Code     2  stm32l0xx_it.o(i.DebugMon_Handler)
    EXTI4_15_IRQHandler                      0x08000781   Thumb Code    12  stm32l0xx_it.o(i.EXTI4_15_IRQHandler)
    FLASH_Erase_Page                         0x080007c9   Thumb Code    32  stm32l0xx_hal_flash.o(i.FLASH_Erase_Page)
    FLASH_Init                               0x080007ed   Thumb Code    14  main.o(i.FLASH_Init)
    FLASH_Read                               0x08000811   Thumb Code   126  flash.o(i.FLASH_Read)
    FLASH_WaitForLastOperation               0x08000941   Thumb Code   148  stm32l0xx_hal_flash.o(i.FLASH_WaitForLastOperation)
    FLASH_Write                              0x080009d9   Thumb Code    66  flash.o(i.FLASH_Write)
    GetMAC                                   0x08000a35   Thumb Code    44  main.o(i.GetMAC)
    GetVoltageValue                          0x08000a71   Thumb Code   286  adc.o(i.GetVoltageValue)
    HAL_ADCEx_Calibration_Start              0x08000bcd   Thumb Code   252  stm32l0xx_hal_adc_ex.o(i.HAL_ADCEx_Calibration_Start)
    HAL_ADC_ConfigChannel                    0x08000cc9   Thumb Code   144  stm32l0xx_hal_adc.o(i.HAL_ADC_ConfigChannel)
    HAL_ADC_DeInit                           0x08000d69   Thumb Code   262  stm32l0xx_hal_adc.o(i.HAL_ADC_DeInit)
    HAL_ADC_GetState                         0x08000e81   Thumb Code     8  stm32l0xx_hal_adc.o(i.HAL_ADC_GetState)
    HAL_ADC_GetValue                         0x08000e89   Thumb Code     8  stm32l0xx_hal_adc.o(i.HAL_ADC_GetValue)
    HAL_ADC_Init                             0x08000e91   Thumb Code   542  stm32l0xx_hal_adc.o(i.HAL_ADC_Init)
    HAL_ADC_MspDeInit                        0x080010bd   Thumb Code    16  stm32l0xx_hal_msp.o(i.HAL_ADC_MspDeInit)
    HAL_ADC_MspInit                          0x080010d1   Thumb Code    54  stm32l0xx_hal_msp.o(i.HAL_ADC_MspInit)
    HAL_ADC_PollForConversion                0x08001111   Thumb Code   100  stm32l0xx_hal_adc.o(i.HAL_ADC_PollForConversion)
    HAL_ADC_Start                            0x08001175   Thumb Code    76  stm32l0xx_hal_adc.o(i.HAL_ADC_Start)
    HAL_Delay                                0x080011c1   Thumb Code    26  stm32l0xx_hal.o(i.HAL_Delay)
    HAL_FLASHEx_Erase                        0x080011dd   Thumb Code   132  stm32l0xx_hal_flash_ex.o(i.HAL_FLASHEx_Erase)
    HAL_FLASH_OB_Unlock                      0x08001269   Thumb Code    54  stm32l0xx_hal_flash.o(i.HAL_FLASH_OB_Unlock)
    HAL_FLASH_Program                        0x080012b5   Thumb Code    90  stm32l0xx_hal_flash.o(i.HAL_FLASH_Program)
    HAL_FLASH_Unlock                         0x0800131d   Thumb Code    54  stm32l0xx_hal_flash.o(i.HAL_FLASH_Unlock)
    HAL_GPIO_DeInit                          0x08001369   Thumb Code   384  stm32l0xx_hal_gpio.o(i.HAL_GPIO_DeInit)
    HAL_GPIO_EXTI_Callback                   0x080014f9   Thumb Code    44  main.o(i.HAL_GPIO_EXTI_Callback)
    HAL_GPIO_EXTI_IRQHandler                 0x08001525   Thumb Code    28  stm32l0xx_hal_gpio.o(i.HAL_GPIO_EXTI_IRQHandler)
    HAL_GPIO_Init                            0x08001545   Thumb Code   462  stm32l0xx_hal_gpio.o(i.HAL_GPIO_Init)
    HAL_GPIO_ReadPin                         0x08001731   Thumb Code    18  stm32l0xx_hal_gpio.o(i.HAL_GPIO_ReadPin)
    HAL_GPIO_WritePin                        0x08001743   Thumb Code    12  stm32l0xx_hal_gpio.o(i.HAL_GPIO_WritePin)
    HAL_GetTick                              0x08001751   Thumb Code     6  stm32l0xx_hal.o(i.HAL_GetTick)
    HAL_IWDG_Init                            0x0800175d   Thumb Code   194  stm32l0xx_hal_iwdg.o(i.HAL_IWDG_Init)
    HAL_IWDG_MspInit                         0x08001829   Thumb Code    24  stm32l0xx_hal_msp.o(i.HAL_IWDG_MspInit)
    HAL_IWDG_Refresh                         0x08001845   Thumb Code   102  stm32l0xx_hal_iwdg.o(i.HAL_IWDG_Refresh)
    HAL_IWDG_Start                           0x080018b1   Thumb Code   148  stm32l0xx_hal_iwdg.o(i.HAL_IWDG_Start)
    HAL_IncTick                              0x08001951   Thumb Code    12  stm32l0xx_hal.o(i.HAL_IncTick)
    HAL_Init                                 0x08001961   Thumb Code    40  stm32l0xx_hal.o(i.HAL_Init)
    HAL_InitTick                             0x0800198d   Thumb Code    38  stm32l0xx_hal.o(i.HAL_InitTick)
    HAL_MspInit                              0x080019b3   Thumb Code     2  stm32l0xx_hal.o(i.HAL_MspInit)
    HAL_NVIC_EnableIRQ                       0x080019b5   Thumb Code    18  stm32l0xx_hal_cortex.o(i.HAL_NVIC_EnableIRQ)
    HAL_NVIC_SetPriority                     0x080019cd   Thumb Code    18  stm32l0xx_hal_cortex.o(i.HAL_NVIC_SetPriority)
    HAL_PCD_DataInStageCallback              0x080019df   Thumb Code    32  usbd_conf.o(i.HAL_PCD_DataInStageCallback)
    HAL_PCD_DataOutStageCallback             0x080019ff   Thumb Code    32  usbd_conf.o(i.HAL_PCD_DataOutStageCallback)
    HAL_PCD_EP_ClrStall                      0x08001a21   Thumb Code   274  stm32l0xx_hal_pcd.o(i.HAL_PCD_EP_ClrStall)
    HAL_PCD_EP_Open                          0x08001b41   Thumb Code  1048  stm32l0xx_hal_pcd.o(i.HAL_PCD_EP_Open)
    HAL_PCD_EP_Receive                       0x08001f69   Thumb Code   348  stm32l0xx_hal_pcd.o(i.HAL_PCD_EP_Receive)
    HAL_PCD_EP_SetStall                      0x080020c9   Thumb Code   230  stm32l0xx_hal_pcd.o(i.HAL_PCD_EP_SetStall)
    HAL_PCD_EP_Transmit                      0x080021b9   Thumb Code   420  stm32l0xx_hal_pcd.o(i.HAL_PCD_EP_Transmit)
    HAL_PCD_IRQHandler                       0x08002369   Thumb Code   306  stm32l0xx_hal_pcd.o(i.HAL_PCD_IRQHandler)
    HAL_PCD_ResetCallback                    0x080024b9   Thumb Code    28  usbd_conf.o(i.HAL_PCD_ResetCallback)
    HAL_PCD_ResumeCallback                   0x080024d5   Thumb Code    52  usbd_conf.o(i.HAL_PCD_ResumeCallback)
    HAL_PCD_SOFCallback                      0x08002511   Thumb Code    16  usbd_conf.o(i.HAL_PCD_SOFCallback)
    HAL_PCD_SetAddress                       0x08002521   Thumb Code    62  stm32l0xx_hal_pcd.o(i.HAL_PCD_SetAddress)
    HAL_PCD_SetupStageCallback               0x0800255f   Thumb Code    22  usbd_conf.o(i.HAL_PCD_SetupStageCallback)
    HAL_PCD_SuspendCallback                  0x08002575   Thumb Code    34  usbd_conf.o(i.HAL_PCD_SuspendCallback)
    HAL_PWREx_EnableFastWakeUp               0x0800259d   Thumb Code    16  stm32l0xx_hal_pwr_ex.o(i.HAL_PWREx_EnableFastWakeUp)
    HAL_PWREx_EnableUltraLowPower            0x080025b1   Thumb Code    16  stm32l0xx_hal_pwr_ex.o(i.HAL_PWREx_EnableUltraLowPower)
    HAL_PWR_EnableBkUpAccess                 0x080025c5   Thumb Code    16  stm32l0xx_hal_pwr.o(i.HAL_PWR_EnableBkUpAccess)
    HAL_RCCEx_PeriphCLKConfig                0x080025d9   Thumb Code   446  stm32l0xx_hal_rcc_ex.o(i.HAL_RCCEx_PeriphCLKConfig)
    HAL_RCC_ClockConfig                      0x080027a5   Thumb Code   748  stm32l0xx_hal_rcc.o(i.HAL_RCC_ClockConfig)
    HAL_RCC_GetHCLKFreq                      0x08002a9d   Thumb Code    32  stm32l0xx_hal_rcc.o(i.HAL_RCC_GetHCLKFreq)
    HAL_RCC_GetPCLK1Freq                     0x08002ac9   Thumb Code    26  stm32l0xx_hal_rcc.o(i.HAL_RCC_GetPCLK1Freq)
    HAL_RCC_GetPCLK2Freq                     0x08002aed   Thumb Code    26  stm32l0xx_hal_rcc.o(i.HAL_RCC_GetPCLK2Freq)
    HAL_RCC_GetSysClockFreq                  0x08002b11   Thumb Code   180  stm32l0xx_hal_rcc.o(i.HAL_RCC_GetSysClockFreq)
    HAL_RCC_OscConfig                        0x08002bdd   Thumb Code  1478  stm32l0xx_hal_rcc.o(i.HAL_RCC_OscConfig)
    HAL_RTCEx_WakeUpTimerEventCallback       0x080031b1   Thumb Code    14  main.o(i.HAL_RTCEx_WakeUpTimerEventCallback)
    HAL_RTCEx_WakeUpTimerIRQHandler          0x080031c5   Thumb Code    70  stm32l0xx_hal_rtc_ex.o(i.HAL_RTCEx_WakeUpTimerIRQHandler)
    HAL_RTC_GetDate                          0x08003215   Thumb Code    88  stm32l0xx_hal_rtc.o(i.HAL_RTC_GetDate)
    HAL_RTC_GetTime                          0x08003271   Thumb Code    94  stm32l0xx_hal_rtc.o(i.HAL_RTC_GetTime)
    HAL_RTC_Init                             0x080032d5   Thumb Code   190  stm32l0xx_hal_rtc.o(i.HAL_RTC_Init)
    HAL_RTC_MspInit                          0x08003399   Thumb Code    90  stm32l0xx_hal_msp.o(i.HAL_RTC_MspInit)
    HAL_RTC_SetDate                          0x080033f9   Thumb Code   296  stm32l0xx_hal_rtc.o(i.HAL_RTC_SetDate)
    HAL_RTC_SetTime                          0x08003525   Thumb Code   336  stm32l0xx_hal_rtc.o(i.HAL_RTC_SetTime)
    HAL_RTC_WaitForSynchro                   0x08003679   Thumb Code    58  stm32l0xx_hal_rtc.o(i.HAL_RTC_WaitForSynchro)
    HAL_SPI_DeInit                           0x080036b3   Thumb Code    58  stm32l0xx_hal_spi.o(i.HAL_SPI_DeInit)
    HAL_SPI_Init                             0x080036ed   Thumb Code   138  stm32l0xx_hal_spi.o(i.HAL_SPI_Init)
    HAL_SPI_MspDeInit                        0x08003779   Thumb Code    64  stm32l0xx_hal_msp.o(i.HAL_SPI_MspDeInit)
    HAL_SPI_MspInit                          0x080037c1   Thumb Code   194  stm32l0xx_hal_msp.o(i.HAL_SPI_MspInit)
    HAL_SPI_Receive                          0x0800388d   Thumb Code   620  stm32l0xx_hal_spi.o(i.HAL_SPI_Receive)
    HAL_SPI_Transmit                         0x08003af9   Thumb Code   478  stm32l0xx_hal_spi.o(i.HAL_SPI_Transmit)
    HAL_SPI_TransmitReceive                  0x08003cd7   Thumb Code   922  stm32l0xx_hal_spi.o(i.HAL_SPI_TransmitReceive)
    HAL_SYSTICK_Callback                     0x08004071   Thumb Code     8  main.o(i.HAL_SYSTICK_Callback)
    HAL_SYSTICK_Config                       0x08004079   Thumb Code    46  stm32l0xx_hal_cortex.o(i.HAL_SYSTICK_Config)
    HAL_SYSTICK_IRQHandler                   0x080040b1   Thumb Code     8  stm32l0xx_hal_cortex.o(i.HAL_SYSTICK_IRQHandler)
    HAL_TIM_IC_CaptureCallback               0x080040b9   Thumb Code    88  main.o(i.HAL_TIM_IC_CaptureCallback)
    HAL_TIM_IRQHandler                       0x08004129   Thumb Code   398  stm32l0xx_hal_tim.o(i.HAL_TIM_IRQHandler)
    HAL_TIM_OC_DelayElapsedCallback          0x080042c1   Thumb Code     2  stm32l0xx_hal_tim.o(i.HAL_TIM_OC_DelayElapsedCallback)
    HAL_TIM_PWM_PulseFinishedCallback        0x080042c3   Thumb Code     2  stm32l0xx_hal_tim.o(i.HAL_TIM_PWM_PulseFinishedCallback)
    HAL_TIM_PeriodElapsedCallback            0x080042c5   Thumb Code     2  stm32l0xx_hal_tim.o(i.HAL_TIM_PeriodElapsedCallback)
    HAL_TIM_ReadCapturedValue                0x080042c7   Thumb Code    88  stm32l0xx_hal_tim.o(i.HAL_TIM_ReadCapturedValue)
    HAL_TIM_TriggerCallback                  0x0800431f   Thumb Code     2  stm32l0xx_hal_tim.o(i.HAL_TIM_TriggerCallback)
    HAL_UART_DeInit                          0x08004321   Thumb Code    72  stm32l0xx_hal_uart.o(i.HAL_UART_DeInit)
    HAL_UART_Init                            0x08004369   Thumb Code   118  stm32l0xx_hal_uart.o(i.HAL_UART_Init)
    HAL_UART_MspDeInit                       0x080043e1   Thumb Code    54  stm32l0xx_hal_msp.o(i.HAL_UART_MspDeInit)
    HAL_UART_MspInit                         0x0800441d   Thumb Code    96  stm32l0xx_hal_msp.o(i.HAL_UART_MspInit)
    HAL_UART_Transmit                        0x08004481   Thumb Code   240  stm32l0xx_hal_uart.o(i.HAL_UART_Transmit)
    HardFault_Handler                        0x08004571   Thumb Code     4  stm32l0xx_it.o(i.HardFault_Handler)
    LORA_RX                                  0x080045d9   Thumb Code   138  main.o(i.LORA_RX)
    LoraBurstRead                            0x08004689   Thumb Code    32  lora.o(i.LoraBurstRead)
    LoraBurstWrite                           0x080046a9   Thumb Code    32  lora.o(i.LoraBurstWrite)
    LoraRegRead                              0x080046c9   Thumb Code    72  lora.o(i.LoraRegRead)
    LoraRegWrite                             0x08004715   Thumb Code    90  lora.o(i.LoraRegWrite)
    Lora_CadConfig                           0x08004775   Thumb Code   242  lora.o(i.Lora_CadConfig)
    Lora_ClearIrq                            0x0800487d   Thumb Code    34  lora.o(i.Lora_ClearIrq)
    Lora_Config                              0x080048a1   Thumb Code   140  lora.o(i.Lora_Config)
    Lora_Config_Init                         0x08004941   Thumb Code   554  lora.o(i.Lora_Config_Init)
    Lora_EntryLoRa                           0x08004b91   Thumb Code    22  lora.o(i.Lora_EntryLoRa)
    Lora_EntryRx                             0x08004ba9   Thumb Code   216  lora.o(i.Lora_EntryRx)
    Lora_EntryTx                             0x08004c85   Thumb Code   510  lora.o(i.Lora_EntryTx)
    Lora_FEM_CPS_init                        0x08004e89   Thumb Code   214  lora.o(i.Lora_FEM_CPS_init)
    Lora_Reset_On                            0x08004f69   Thumb Code    16  main.o(i.Lora_Reset_On)
    Lora_RxPacket                            0x08004f79   Thumb Code   224  lora.o(i.Lora_RxPacket)
    Lora_Sleep                               0x08005061   Thumb Code    22  lora.o(i.Lora_Sleep)
    Lora_Standby                             0x08005077   Thumb Code    22  lora.o(i.Lora_Standby)
    Lora_TxPacket                            0x0800508d   Thumb Code    62  lora.o(i.Lora_TxPacket)
    NMI_Handler                              0x08005119   Thumb Code     2  stm32l0xx_it.o(i.NMI_Handler)
    NTM_Init                                 0x0800511d   Thumb Code    44  i2c.o(i.NTM_Init)
    NTM_ReadRandom                           0x0800514d   Thumb Code   118  i2c.o(i.NTM_ReadRandom)
    PCD_ReadPMA                              0x0800568f   Thumb Code    38  stm32l0xx_hal_pcd.o(i.PCD_ReadPMA)
    PCD_WritePMA                             0x080056b5   Thumb Code    52  stm32l0xx_hal_pcd.o(i.PCD_WritePMA)
    PendSV_Handler                           0x080056e9   Thumb Code     2  stm32l0xx_it.o(i.PendSV_Handler)
    RFSW_SET_PIN                             0x080056ed   Thumb Code   100  lora.o(i.RFSW_SET_PIN)
    RTC_Bcd2ToByte                           0x08005761   Thumb Code    26  stm32l0xx_hal_rtc.o(i.RTC_Bcd2ToByte)
    RTC_ByteToBcd2                           0x0800577b   Thumb Code    26  stm32l0xx_hal_rtc.o(i.RTC_ByteToBcd2)
    RTC_EnterInitMode                        0x08005795   Thumb Code    64  stm32l0xx_hal_rtc.o(i.RTC_EnterInitMode)
    RTC_Handle_init                          0x080057d5   Thumb Code    44  rtc.o(i.RTC_Handle_init)
    RTC_IRQHandler                           0x08005809   Thumb Code    14  stm32l0xx_it.o(i.RTC_IRQHandler)
    RTC_TimeStampConfig                      0x08005819   Thumb Code    88  rtc.o(i.RTC_TimeStampConfig)
    ReadLoRaRegFromFlash                     0x08005875   Thumb Code    56  main.o(i.ReadLoRaRegFromFlash)
    SPI_SNN_Off                              0x080058d1   Thumb Code    16  main.o(i.SPI_SNN_Off)
    SPI_SNN_On                               0x080058e5   Thumb Code    14  main.o(i.SPI_SNN_On)
    SPIx_Read                                0x08005a11   Thumb Code    62  main.o(i.SPIx_Read)
    SPIx_Write                               0x08005a55   Thumb Code    48  main.o(i.SPIx_Write)
    SVC_Handler                              0x08005a85   Thumb Code     2  stm32l0xx_it.o(i.SVC_Handler)
    SetDefaultLoRaReg                        0x08005a89   Thumb Code   160  main.o(i.SetDefaultLoRaReg)
    SysTick_Handler                          0x08005b49   Thumb Code     8  stm32l0xx_it.o(i.SysTick_Handler)
    SystemInit                               0x08005bf5   Thumb Code    88  system_stm32l0xx.o(i.SystemInit)
    TIM6_DAC_IRQHandler                      0x08005c8d   Thumb Code    10  timer.o(i.TIM6_DAC_IRQHandler)
    UART_AdvFeatureConfig                    0x08005c9d   Thumb Code   240  stm32l0xx_hal_uart.o(i.UART_AdvFeatureConfig)
    UART_CheckIdleState                      0x08005d8d   Thumb Code    92  stm32l0xx_hal_uart.o(i.UART_CheckIdleState)
    UART_SetConfig                           0x08005ded   Thumb Code   610  stm32l0xx_hal_uart.o(i.UART_SetConfig)
    UART_WaitOnFlagUntilTimeout              0x08006075   Thumb Code   256  stm32l0xx_hal_uart.o(i.UART_WaitOnFlagUntilTimeout)
    UARTx_Write                              0x08006175   Thumb Code    36  main.o(i.UARTx_Write)
    USBD_ClrClassConfig                      0x0800619d   Thumb Code    24  usbd_core.o(i.USBD_ClrClassConfig)
    USBD_CtlContinueRx                       0x080061ff   Thumb Code    24  usbd_ioreq.o(i.USBD_CtlContinueRx)
    USBD_CtlContinueSendData                 0x08006217   Thumb Code    24  usbd_ioreq.o(i.USBD_CtlContinueSendData)
    USBD_CtlError                            0x0800622f   Thumb Code    24  usbd_ctlreq.o(i.USBD_CtlError)
    USBD_CtlReceiveStatus                    0x08006247   Thumb Code    28  usbd_ioreq.o(i.USBD_CtlReceiveStatus)
    USBD_CtlSendData                         0x08006263   Thumb Code    36  usbd_ioreq.o(i.USBD_CtlSendData)
    USBD_CtlSendStatus                       0x08006287   Thumb Code    28  usbd_ioreq.o(i.USBD_CtlSendStatus)
    USBD_LL_ClearStallEP                     0x080064a5   Thumb Code    22  usbd_conf.o(i.USBD_LL_ClearStallEP)
    USBD_LL_DataInStage                      0x080064bb   Thumb Code   214  usbd_core.o(i.USBD_LL_DataInStage)
    USBD_LL_DataOutStage                     0x08006591   Thumb Code   150  usbd_core.o(i.USBD_LL_DataOutStage)
    USBD_LL_IsStallEP                        0x08006627   Thumb Code    54  usbd_conf.o(i.USBD_LL_IsStallEP)
    USBD_LL_OpenEP                           0x0800665d   Thumb Code    30  usbd_conf.o(i.USBD_LL_OpenEP)
    USBD_LL_PrepareReceive                   0x0800667b   Thumb Code    30  usbd_conf.o(i.USBD_LL_PrepareReceive)
    USBD_LL_Reset                            0x08006699   Thumb Code    76  usbd_core.o(i.USBD_LL_Reset)
    USBD_LL_Resume                           0x080066e5   Thumb Code    16  usbd_core.o(i.USBD_LL_Resume)
    USBD_LL_SOF                              0x080066f5   Thumb Code    42  usbd_core.o(i.USBD_LL_SOF)
    USBD_LL_SetSpeed                         0x0800671f   Thumb Code     8  usbd_core.o(i.USBD_LL_SetSpeed)
    USBD_LL_SetUSBAddress                    0x08006727   Thumb Code    22  usbd_conf.o(i.USBD_LL_SetUSBAddress)
    USBD_LL_SetupStage                       0x0800673d   Thumb Code   132  usbd_core.o(i.USBD_LL_SetupStage)
    USBD_LL_StallEP                          0x080067c1   Thumb Code    22  usbd_conf.o(i.USBD_LL_StallEP)
    USBD_LL_Suspend                          0x080067d7   Thumb Code    22  usbd_core.o(i.USBD_LL_Suspend)
    USBD_LL_Transmit                         0x080067ed   Thumb Code    30  usbd_conf.o(i.USBD_LL_Transmit)
    USBD_ParseSetupRequest                   0x0800680b   Thumb Code    40  usbd_ctlreq.o(i.USBD_ParseSetupRequest)
    USBD_RunTestMode                         0x08006833   Thumb Code     6  usbd_core.o(i.USBD_RunTestMode)
    USBD_SetClassConfig                      0x0800689b   Thumb Code    42  usbd_core.o(i.USBD_SetClassConfig)
    USBD_StdDevReq                           0x080069d7   Thumb Code   114  usbd_ctlreq.o(i.USBD_StdDevReq)
    USBD_StdEPReq                            0x08006a49   Thumb Code   334  usbd_ctlreq.o(i.USBD_StdEPReq)
    USBD_StdItfReq                           0x08006b97   Thumb Code    82  usbd_ctlreq.o(i.USBD_StdItfReq)
    USB_IRQHandler                           0x08006be9   Thumb Code    10  stm32l0xx_it.o(i.USB_IRQHandler)
    __ARM_clz                                0x08006bf9   Thumb Code    46  depilogue.o(i.__ARM_clz)
    __ARM_common_switch8                     0x08006c27   Thumb Code    28  bochiot_protocol.o(i.__ARM_common_switch8)
    __ctrl_dev                               0x08006d41   Thumb Code    10  bochiot_protocol.o(i.__ctrl_dev)
    __scatterload_copy                       0x08006ecd   Thumb Code    14  handlers.o(i.__scatterload_copy)
    __scatterload_null                       0x08006edb   Thumb Code     2  handlers.o(i.__scatterload_null)
    __scatterload_zeroinit                   0x08006edd   Thumb Code    14  handlers.o(i.__scatterload_zeroinit)
    _i2c_Read_Byte                           0x08006eed   Thumb Code    94  i2c.o(i._i2c_Read_Byte)
    _i2c_SendAck                             0x08006f51   Thumb Code    76  i2c.o(i._i2c_SendAck)
    _i2c_SendNoack                           0x08006fa1   Thumb Code    74  i2c.o(i._i2c_SendNoack)
    _i2c_Send_Byte                           0x08006ff1   Thumb Code   190  i2c.o(i._i2c_Send_Byte)
    add_card_handling                        0x08007139   Thumb Code   102  ekey.o(i.add_card_handling)
    bochiot_anaylyze_frame                   0x0800725d   Thumb Code   162  bochiot_protocol.o(i.bochiot_anaylyze_frame)
    bochiot_check_str                        0x08007309   Thumb Code    34  bochiot_protocol.o(i.bochiot_check_str)
    bochiot_get_devSwitch_status             0x0800732b   Thumb Code     4  bochiot_protocol.o(i.bochiot_get_devSwitch_status)
    bochiot_get_dev_type                     0x0800732f   Thumb Code     4  bochiot_protocol.o(i.bochiot_get_dev_type)
    bochiot_get_gwAddr                       0x08007335   Thumb Code    26  bochiot_protocol.o(i.bochiot_get_gwAddr)
    bochiot_get_localAddr                    0x08007355   Thumb Code    48  bochiot_protocol.o(i.bochiot_get_localAddr)
    bochiot_get_parkSpot_status              0x0800738d   Thumb Code     4  bochiot_protocol.o(i.bochiot_get_parkSpot_status)
    bochiot_init                             0x08007391   Thumb Code    84  main.o(i.bochiot_init)
    bochiot_lock_ctrl                        0x080073ed   Thumb Code    58  main.o(i.bochiot_lock_ctrl)
    bochiot_packet_payload                   0x0800742d   Thumb Code   168  bochiot_protocol.o(i.bochiot_packet_payload)
    bochiot_protocol_init                    0x080074d9   Thumb Code     6  bochiot_protocol.o(i.bochiot_protocol_init)
    bochiot_send_msg                         0x080074e5   Thumb Code    62  main.o(i.bochiot_send_msg)
    bochiot_set_gwAddr                       0x08007531   Thumb Code    52  bochiot_protocol.o(i.bochiot_set_gwAddr)
    check_mac                                0x0800756d   Thumb Code   212  bochiot_protocol.o(i.check_mac)
    debugger_init                            0x08007651   Thumb Code    60  i2c.o(i.debugger_init)
    del_open_log                             0x08007699   Thumb Code    82  ekey.o(i.del_open_log)
    delay_us                                 0x080076fd   Thumb Code    26  i2c.o(i.delay_us)
    ekey_flash_init                          0x0800774d   Thumb Code    80  ekey.o(i.ekey_flash_init)
    ekey_flash_read                          0x080077b5   Thumb Code   106  flash.o(i.ekey_flash_read)
    free                                     0x08007861   Thumb Code    80  malloc.o(i.free)
    get_RTC_Handle                           0x080078b5   Thumb Code     4  rtc.o(i.get_RTC_Handle)
    get_real_tim                             0x080078e5   Thumb Code    66  rtc.o(i.get_real_tim)
    i2c_inputpin_init                        0x08007979   Thumb Code    44  i2c.o(i.i2c_inputpin_init)
    i2c_outputpin_init                       0x080079ad   Thumb Code    44  i2c.o(i.i2c_outputpin_init)
    log_tx                                   0x08007a51   Thumb Code    80  ekey.o(i.log_tx)
    main                                     0x08007ab1   Thumb Code   156  main.o(i.main)
    malloc                                   0x08007b65   Thumb Code    92  malloc.o(i.malloc)
    open_lock                                0x08007bd1   Thumb Code     8  main.o(i.open_lock)
    refresh_password_status                  0x08007bdd   Thumb Code    66  ekey.o(i.refresh_password_status)
    start_i2c                                0x08007ce5   Thumb Code    80  i2c.o(i.start_i2c)
    stop_i2c                                 0x08007d39   Thumb Code    86  i2c.o(i.stop_i2c)
    swipe_card_handling                      0x08007d95   Thumb Code    46  ekey.o(i.swipe_card_handling)
    time_request                             0x08007dc5   Thumb Code   134  rtc.o(i.time_request)
    MSIRangeTable                            0x08007e50   Data          28  stm32l0xx_hal_rcc.o(.constdata)
    Region$$Table$$Base                      0x08007e6c   Number         0  anon$$obj.o(Region$$Table)
    Region$$Table$$Limit                     0x08007e8c   Number         0  anon$$obj.o(Region$$Table)
    func_send_msg                            0x20000000   Data           4  bochiot_protocol.o(.data)
    MAG3110_XOFF                             0x20000008   Data           4  bochiot_protocol.o(.data)
    MAG3110_YOFF                             0x2000000c   Data           4  bochiot_protocol.o(.data)
    MAG3110_XMax                             0x20000010   Data           4  bochiot_protocol.o(.data)
    MAG3110_YMax                             0x20000014   Data           4  bochiot_protocol.o(.data)
    MAG3110_XMin                             0x20000018   Data           4  bochiot_protocol.o(.data)
    MAG3110_YMin                             0x2000001c   Data           4  bochiot_protocol.o(.data)
    ErrorCodeCount                           0x2000002c   Data           4  main.o(.data)
    g_open_the_door                          0x20000030   Data           4  main.o(.data)
    Value_LR_RegFrMsb                        0x20000034   Data           1  main.o(.data)
    Value_LR_RegFrMid                        0x20000035   Data           1  main.o(.data)
    Value_LR_RegFrLsb                        0x20000036   Data           1  main.o(.data)
    Value_LR_RegModemConfig1                 0x20000037   Data           1  main.o(.data)
    Value_LR_RegModemConfig2                 0x20000038   Data           1  main.o(.data)
    Value_LR_RegModemConfig3                 0x20000039   Data           1  main.o(.data)
    Value_LR_RegPaConfig                     0x2000003a   Data           1  main.o(.data)
    Value_LR_RegPreambleMsb                  0x2000003b   Data           1  main.o(.data)
    Value_LR_RegPreambleLsb                  0x2000003c   Data           1  main.o(.data)
    tmpCC4                                   0x2000003e   Data           4  main.o(.data)
    uwLsiFreq                                0x20000044   Data           4  main.o(.data)
    uwCaptureNumber                          0x20000048   Data           4  main.o(.data)
    uwPeriodValue                            0x2000004c   Data           4  main.o(.data)
    num                                      0x20000050   Data           4  main.o(.data)
    SysTime                                  0x20000064   Data           1  lora.o(.data)
    KeyTime                                  0x20000065   Data           1  lora.o(.data)
    TxLedTime                                0x20000066   Data           1  lora.o(.data)
    TxLedCnt                                 0x20000067   Data           1  lora.o(.data)
    TxLimtTime                               0x20000068   Data           1  lora.o(.data)
    RxLimtTime                               0x20000069   Data           1  lora.o(.data)
    ChkSettingTime                           0x2000006a   Data           1  lora.o(.data)
    ChkRxTime                                0x2000006b   Data           1  lora.o(.data)
    SecTime                                  0x2000006c   Data           1  lora.o(.data)
    Error2_F                                 0x2000006d   Data           1  lora.o(.data)
    PageError                                0x20000070   Data           4  flash.o(.data)
    g_LoRaReg_info                           0x20000074   Data           8  flash.o(.data)
    g_LoRaReg1_info                          0x2000007c   Data           1  flash.o(.data)
    NodeSixByteMac                           0x20000080   Data           8  flash.o(.data)
    sConfig                                  0x20000090   Data           4  adc.o(.data)
    uwADCxConvertedValue                     0x20000094   Data           4  adc.o(.data)
    remotewakeupon                           0x20000098   Data           4  usbd_conf.o(.data)
    u32TimerCnt10ms                          0x2000009c   Data           4  timer.o(.data)
    SystemCoreClock                          0x200000a0   Data           4  system_stm32l0xx.o(.data)
    AHBPrescTable                            0x200000a4   Data          16  system_stm32l0xx.o(.data)
    PLLMulTable                              0x200000b4   Data           9  system_stm32l0xx.o(.data)
    __microlib_freelist                      0x200000e4   Data           4  mvars.o(.data)
    __microlib_freelist_initialised          0x200000e8   Data           4  mvars.o(.data)
    UartHandle1                              0x200000ec   Data         108  main.o(.bss)
    g_mac_info                               0x20000158   Data          12  main.o(.bss)
    SpiHandle                                0x20000164   Data          84  main.o(.bss)
    GPIO_InitStructure                       0x200001b8   Data          20  main.o(.bss)
    USBD_Device                              0x200001cc   Data         548  main.o(.bss)
    Input_Handle                             0x20000404   Data          56  main.o(.bss)
    RCC_ClockFreq                            0x2000043c   Data          20  main.o(.bss)
    RCC_ClkInitStruct                        0x20000450   Data          20  main.o(.bss)
    RCC_OscInitStruct                        0x20000464   Data          56  main.o(.bss)
    RxData                                   0x20000554   Data         128  lora.o(.bss)
    TxBuf                                    0x200005d4   Data          64  lora.o(.bss)
    g_endevice_info                          0x20000614   Data          15  flash.o(.bss)
    g_voltage_value                          0x20000624   Data          28  flash.o(.bss)
    AdcHandle                                0x2000079c   Data          92  adc.o(.bss)
    hpcd                                     0x2000081c   Data         376  usbd_conf.o(.bss)
    TIM6Handle                               0x200009a4   Data          56  timer.o(.bss)
    pFlash                                   0x200009dc   Data          20  stm32l0xx_hal_flash.o(.bss)
    Reserve_Data                             0x200009f0   Data          32  stm32l0xx_hal_pcd.o(.bss)
    __heap_base                              0x20000a10   Data           0  startup_stm32l053xx.o(HEAP)
    __heap_limit                             0x20000e10   Data           0  startup_stm32l053xx.o(HEAP)
    __initial_sp                             0x20001210   Data           0  startup_stm32l053xx.o(STACK)



==============================================================================

Memory Map of the image

  Image Entry point : 0x080000c1

  Load Region LR_IROM1 (Base: 0x08000000, Size: 0x00007f78, Max: 0x00010000, ABSOLUTE)

    Execution Region ER_IROM1 (Exec base: 0x08000000, Load base: 0x08000000, Size: 0x00007e8c, Max: 0x00010000, ABSOLUTE)

    Exec Addr    Load Addr    Size         Type   Attr      Idx    E Section Name        Object

    0x08000000   0x08000000   0x000000c0   Data   RO         5811    RESET               startup_stm32l053xx.o
    0x080000c0   0x080000c0   0x00000000   Code   RO         5816  * .ARM.Collect$$$$00000000  mc_p.l(entry.o)
    0x080000c0   0x080000c0   0x00000004   Code   RO         5888    .ARM.Collect$$$$00000001  mc_p.l(entry2.o)
    0x080000c4   0x080000c4   0x00000004   Code   RO         5891    .ARM.Collect$$$$00000004  mc_p.l(entry5.o)
    0x080000c8   0x080000c8   0x00000000   Code   RO         5893    .ARM.Collect$$$$00000008  mc_p.l(entry7b.o)
    0x080000c8   0x080000c8   0x00000000   Code   RO         5895    .ARM.Collect$$$$0000000A  mc_p.l(entry8b.o)
    0x080000c8   0x080000c8   0x00000008   Code   RO         5896    .ARM.Collect$$$$0000000B  mc_p.l(entry9a.o)
    0x080000d0   0x080000d0   0x00000000   Code   RO         5898    .ARM.Collect$$$$0000000D  mc_p.l(entry10a.o)
    0x080000d0   0x080000d0   0x00000000   Code   RO         5900    .ARM.Collect$$$$0000000F  mc_p.l(entry11a.o)
    0x080000d0   0x080000d0   0x00000004   Code   RO         5889    .ARM.Collect$$$$00002712  mc_p.l(entry2.o)
    0x080000d4   0x080000d4   0x00000020   Code   RO         5812    .text               startup_stm32l053xx.o
    0x080000f4   0x080000f4   0x0000002c   Code   RO         5819    .text               mc_p.l(uidiv.o)
    0x08000120   0x08000120   0x00000024   Code   RO         5823    .text               mc_p.l(rand.o)
    0x08000144   0x08000144   0x00000024   Code   RO         5826    .text               mc_p.l(memcpya.o)
    0x08000168   0x08000168   0x00000024   Code   RO         5828    .text               mc_p.l(memseta.o)
    0x0800018c   0x0800018c   0x0000001a   Code   RO         5832    .text               mc_p.l(memcmp.o)
    0x080001a6   0x080001a6   0x00000012   Code   RO         5834    .text               mc_p.l(strcpy.o)
    0x080001b8   0x080001b8   0x000000d0   Code   RO         5868    .text               mf_p.l(dmul.o)
    0x08000288   0x08000288   0x000000f0   Code   RO         5870    .text               mf_p.l(ddiv.o)
    0x08000378   0x08000378   0x0000000e   Code   RO         5872    .text               mf_p.l(ffltui.o)
    0x08000386   0x08000386   0x00000028   Code   RO         5880    .text               mf_p.l(f2d.o)
    0x080003ae   0x080003ae   0x00000038   Code   RO         5882    .text               mf_p.l(d2f.o)
    0x080003e6   0x080003e6   0x00000002   PAD
    0x080003e8   0x080003e8   0x00000014   Code   RO         5884    .text               mf_p.l(cfcmple.o)
    0x080003fc   0x080003fc   0x00000014   Code   RO         5886    .text               mf_p.l(cfrcmple.o)
    0x08000410   0x08000410   0x00000020   Code   RO         5902    .text               mc_p.l(llshl.o)
    0x08000430   0x08000430   0x00000022   Code   RO         5904    .text               mc_p.l(llushr.o)
    0x08000452   0x08000452   0x00000000   Code   RO         5910    .text               mc_p.l(iusefp.o)
    0x08000452   0x08000452   0x00000082   Code   RO         5911    .text               mf_p.l(fepilogue.o)
    0x080004d4   0x080004d4   0x000000be   Code   RO         5913    .text               mf_p.l(depilogue.o)
    0x08000592   0x08000592   0x00000002   PAD
    0x08000594   0x08000594   0x00000024   Code   RO         5917    .text               mc_p.l(init.o)
    0x080005b8   0x080005b8   0x000000a0   Code   RO         2604    i.ADC_Enable        stm32l0xx_hal_adc.o
    0x08000658   0x08000658   0x00000098   Code   RO         1268    i.ADC_Initialize    adc.o
    0x080006f0   0x080006f0   0x00000010   Code   RO          345    i.BEEP_CTROL_OFF    main.o
    0x08000700   0x08000700   0x00000010   Code   RO          346    i.BEEP_CTROL_ON     main.o
    0x08000710   0x08000710   0x00000012   Code   RO          347    i.BOCHIUARTx_Error  main.o
    0x08000722   0x08000722   0x0000001e   Code   RO          348    i.CLOKC_CTROL_OFF   main.o
    0x08000740   0x08000740   0x0000001e   Code   RO          349    i.CLOKC_CTROL_On    main.o
    0x0800075e   0x0800075e   0x00000020   Code   RO          350    i.CLOKC_CTROL_STANDBY  main.o
    0x0800077e   0x0800077e   0x00000002   Code   RO         1465    i.DebugMon_Handler  stm32l0xx_it.o
    0x08000780   0x08000780   0x0000000c   Code   RO         1466    i.EXTI4_15_IRQHandler  stm32l0xx_it.o
    0x0800078c   0x0800078c   0x00000004   Code   RO          352    i.Error_Handler     main.o
    0x08000790   0x08000790   0x00000004   Code   RO         1269    i.Error_Handler     adc.o
    0x08000794   0x08000794   0x00000004   Code   RO         1317    i.Error_Handler     rtc.o
    0x08000798   0x08000798   0x00000030   Code   RO         1039    i.FLASH_Erase       flash.o
    0x080007c8   0x080007c8   0x00000024   Code   RO         2968    i.FLASH_Erase_Page  stm32l0xx_hal_flash.o
    0x080007ec   0x080007ec   0x0000000e   Code   RO          353    i.FLASH_Init        main.o
    0x080007fa   0x080007fa   0x00000002   PAD
    0x080007fc   0x080007fc   0x00000014   Code   RO         2969    i.FLASH_Program_Word  stm32l0xx_hal_flash.o
    0x08000810   0x08000810   0x00000094   Code   RO         1040    i.FLASH_Read        flash.o
    0x080008a4   0x080008a4   0x00000006   Code   RO         1041    i.FLASH_Read_Word   flash.o
    0x080008aa   0x080008aa   0x00000002   PAD
    0x080008ac   0x080008ac   0x00000094   Code   RO         2970    i.FLASH_SetErrorCode  stm32l0xx_hal_flash.o
    0x08000940   0x08000940   0x00000098   Code   RO         2971    i.FLASH_WaitForLastOperation  stm32l0xx_hal_flash.o
    0x080009d8   0x080009d8   0x00000042   Code   RO         1042    i.FLASH_Write       flash.o
    0x08000a1a   0x08000a1a   0x0000001a   Code   RO         1043    i.FLASH_Write_Word  flash.o
    0x08000a34   0x08000a34   0x0000003c   Code   RO          354    i.GetMAC            main.o
    0x08000a70   0x08000a70   0x0000015c   Code   RO         1270    i.GetVoltageValue   adc.o
    0x08000bcc   0x08000bcc   0x000000fc   Code   RO         2777    i.HAL_ADCEx_Calibration_Start  stm32l0xx_hal_adc_ex.o
    0x08000cc8   0x08000cc8   0x000000a0   Code   RO         2606    i.HAL_ADC_ConfigChannel  stm32l0xx_hal_adc.o
    0x08000d68   0x08000d68   0x00000118   Code   RO         2609    i.HAL_ADC_DeInit    stm32l0xx_hal_adc.o
    0x08000e80   0x08000e80   0x00000008   Code   RO         2612    i.HAL_ADC_GetState  stm32l0xx_hal_adc.o
    0x08000e88   0x08000e88   0x00000008   Code   RO         2613    i.HAL_ADC_GetValue  stm32l0xx_hal_adc.o
    0x08000e90   0x08000e90   0x0000022c   Code   RO         2615    i.HAL_ADC_Init      stm32l0xx_hal_adc.o
    0x080010bc   0x080010bc   0x00000014   Code   RO         1368    i.HAL_ADC_MspDeInit  stm32l0xx_hal_msp.o
    0x080010d0   0x080010d0   0x00000040   Code   RO         1369    i.HAL_ADC_MspInit   stm32l0xx_hal_msp.o
    0x08001110   0x08001110   0x00000064   Code   RO         2619    i.HAL_ADC_PollForConversion  stm32l0xx_hal_adc.o
    0x08001174   0x08001174   0x0000004c   Code   RO         2621    i.HAL_ADC_Start     stm32l0xx_hal_adc.o
    0x080011c0   0x080011c0   0x0000001a   Code   RO         2414    i.HAL_Delay         stm32l0xx_hal.o
    0x080011da   0x080011da   0x00000002   PAD
    0x080011dc   0x080011dc   0x0000008c   Code   RO         3099    i.HAL_FLASHEx_Erase  stm32l0xx_hal_flash_ex.o
    0x08001268   0x08001268   0x0000004c   Code   RO         2978    i.HAL_FLASH_OB_Unlock  stm32l0xx_hal_flash.o
    0x080012b4   0x080012b4   0x00000068   Code   RO         2980    i.HAL_FLASH_Program  stm32l0xx_hal_flash.o
    0x0800131c   0x0800131c   0x0000004c   Code   RO         2982    i.HAL_FLASH_Unlock  stm32l0xx_hal_flash.o
    0x08001368   0x08001368   0x00000190   Code   RO         3247    i.HAL_GPIO_DeInit   stm32l0xx_hal_gpio.o
    0x080014f8   0x080014f8   0x0000002c   Code   RO          355    i.HAL_GPIO_EXTI_Callback  main.o
    0x08001524   0x08001524   0x00000020   Code   RO         3249    i.HAL_GPIO_EXTI_IRQHandler  stm32l0xx_hal_gpio.o
    0x08001544   0x08001544   0x000001ec   Code   RO         3250    i.HAL_GPIO_Init     stm32l0xx_hal_gpio.o
    0x08001730   0x08001730   0x00000012   Code   RO         3252    i.HAL_GPIO_ReadPin  stm32l0xx_hal_gpio.o
    0x08001742   0x08001742   0x0000000c   Code   RO         3254    i.HAL_GPIO_WritePin  stm32l0xx_hal_gpio.o
    0x0800174e   0x0800174e   0x00000002   PAD
    0x08001750   0x08001750   0x0000000c   Code   RO         2425    i.HAL_GetTick       stm32l0xx_hal.o
    0x0800175c   0x0800175c   0x000000cc   Code   RO         3310    i.HAL_IWDG_Init     stm32l0xx_hal_iwdg.o
    0x08001828   0x08001828   0x0000001c   Code   RO         1370    i.HAL_IWDG_MspInit  stm32l0xx_hal_msp.o
    0x08001844   0x08001844   0x0000006c   Code   RO         3312    i.HAL_IWDG_Refresh  stm32l0xx_hal_iwdg.o
    0x080018b0   0x080018b0   0x000000a0   Code   RO         3313    i.HAL_IWDG_Start    stm32l0xx_hal_iwdg.o
    0x08001950   0x08001950   0x00000010   Code   RO         2427    i.HAL_IncTick       stm32l0xx_hal.o
    0x08001960   0x08001960   0x0000002c   Code   RO         2428    i.HAL_Init          stm32l0xx_hal.o
    0x0800198c   0x0800198c   0x00000026   Code   RO         2429    i.HAL_InitTick      stm32l0xx_hal.o
    0x080019b2   0x080019b2   0x00000002   Code   RO         2432    i.HAL_MspInit       stm32l0xx_hal.o
    0x080019b4   0x080019b4   0x00000018   Code   RO         2809    i.HAL_NVIC_EnableIRQ  stm32l0xx_hal_cortex.o
    0x080019cc   0x080019cc   0x00000012   Code   RO         2812    i.HAL_NVIC_SetPriority  stm32l0xx_hal_cortex.o
    0x080019de   0x080019de   0x00000020   Code   RO         2003    i.HAL_PCD_DataInStageCallback  usbd_conf.o
    0x080019fe   0x080019fe   0x00000020   Code   RO         2004    i.HAL_PCD_DataOutStageCallback  usbd_conf.o
    0x08001a1e   0x08001a1e   0x00000002   PAD
    0x08001a20   0x08001a20   0x00000120   Code   RO         3363    i.HAL_PCD_EP_ClrStall  stm32l0xx_hal_pcd.o
    0x08001b40   0x08001b40   0x00000428   Code   RO         3366    i.HAL_PCD_EP_Open   stm32l0xx_hal_pcd.o
    0x08001f68   0x08001f68   0x00000160   Code   RO         3367    i.HAL_PCD_EP_Receive  stm32l0xx_hal_pcd.o
    0x080020c8   0x080020c8   0x000000f0   Code   RO         3368    i.HAL_PCD_EP_SetStall  stm32l0xx_hal_pcd.o
    0x080021b8   0x080021b8   0x000001b0   Code   RO         3369    i.HAL_PCD_EP_Transmit  stm32l0xx_hal_pcd.o
    0x08002368   0x08002368   0x00000150   Code   RO         3371    i.HAL_PCD_IRQHandler  stm32l0xx_hal_pcd.o
    0x080024b8   0x080024b8   0x0000001c   Code   RO         2010    i.HAL_PCD_ResetCallback  usbd_conf.o
    0x080024d4   0x080024d4   0x0000003c   Code   RO         2011    i.HAL_PCD_ResumeCallback  usbd_conf.o
    0x08002510   0x08002510   0x00000010   Code   RO         2012    i.HAL_PCD_SOFCallback  usbd_conf.o
    0x08002520   0x08002520   0x0000003e   Code   RO         3380    i.HAL_PCD_SetAddress  stm32l0xx_hal_pcd.o
    0x0800255e   0x0800255e   0x00000016   Code   RO         2013    i.HAL_PCD_SetupStageCallback  usbd_conf.o
    0x08002574   0x08002574   0x00000028   Code   RO         2014    i.HAL_PCD_SuspendCallback  usbd_conf.o
    0x0800259c   0x0800259c   0x00000014   Code   RO         3694    i.HAL_PWREx_EnableFastWakeUp  stm32l0xx_hal_pwr_ex.o
    0x080025b0   0x080025b0   0x00000014   Code   RO         3696    i.HAL_PWREx_EnableUltraLowPower  stm32l0xx_hal_pwr_ex.o
    0x080025c4   0x080025c4   0x00000014   Code   RO         3603    i.HAL_PWR_EnableBkUpAccess  stm32l0xx_hal_pwr.o
    0x080025d8   0x080025d8   0x000001cc   Code   RO         3844    i.HAL_RCCEx_PeriphCLKConfig  stm32l0xx_hal_rcc_ex.o
    0x080027a4   0x080027a4   0x000002f8   Code   RO         3742    i.HAL_RCC_ClockConfig  stm32l0xx_hal_rcc.o
    0x08002a9c   0x08002a9c   0x0000002c   Code   RO         3746    i.HAL_RCC_GetHCLKFreq  stm32l0xx_hal_rcc.o
    0x08002ac8   0x08002ac8   0x00000024   Code   RO         3748    i.HAL_RCC_GetPCLK1Freq  stm32l0xx_hal_rcc.o
    0x08002aec   0x08002aec   0x00000024   Code   RO         3749    i.HAL_RCC_GetPCLK2Freq  stm32l0xx_hal_rcc.o
    0x08002b10   0x08002b10   0x000000cc   Code   RO         3750    i.HAL_RCC_GetSysClockFreq  stm32l0xx_hal_rcc.o
    0x08002bdc   0x08002bdc   0x000005d4   Code   RO         3753    i.HAL_RCC_OscConfig  stm32l0xx_hal_rcc.o
    0x080031b0   0x080031b0   0x00000014   Code   RO          356    i.HAL_RTCEx_WakeUpTimerEventCallback  main.o
    0x080031c4   0x080031c4   0x00000050   Code   RO         4065    i.HAL_RTCEx_WakeUpTimerIRQHandler  stm32l0xx_hal_rtc_ex.o
    0x08003214   0x08003214   0x0000005c   Code   RO         3904    i.HAL_RTC_GetDate   stm32l0xx_hal_rtc.o
    0x08003270   0x08003270   0x00000064   Code   RO         3906    i.HAL_RTC_GetTime   stm32l0xx_hal_rtc.o
    0x080032d4   0x080032d4   0x000000c4   Code   RO         3907    i.HAL_RTC_Init      stm32l0xx_hal_rtc.o
    0x08003398   0x08003398   0x00000060   Code   RO         1372    i.HAL_RTC_MspInit   stm32l0xx_hal_msp.o
    0x080033f8   0x080033f8   0x0000012c   Code   RO         3913    i.HAL_RTC_SetDate   stm32l0xx_hal_rtc.o
    0x08003524   0x08003524   0x00000154   Code   RO         3914    i.HAL_RTC_SetTime   stm32l0xx_hal_rtc.o
    0x08003678   0x08003678   0x0000003a   Code   RO         3915    i.HAL_RTC_WaitForSynchro  stm32l0xx_hal_rtc.o
    0x080036b2   0x080036b2   0x0000003a   Code   RO         4248    i.HAL_SPI_DeInit    stm32l0xx_hal_spi.o
    0x080036ec   0x080036ec   0x0000008a   Code   RO         4253    i.HAL_SPI_Init      stm32l0xx_hal_spi.o
    0x08003776   0x08003776   0x00000002   PAD
    0x08003778   0x08003778   0x00000048   Code   RO         1373    i.HAL_SPI_MspDeInit  stm32l0xx_hal_msp.o
    0x080037c0   0x080037c0   0x000000cc   Code   RO         1374    i.HAL_SPI_MspInit   stm32l0xx_hal_msp.o
    0x0800388c   0x0800388c   0x0000026c   Code   RO         4256    i.HAL_SPI_Receive   stm32l0xx_hal_spi.o
    0x08003af8   0x08003af8   0x000001de   Code   RO         4261    i.HAL_SPI_Transmit  stm32l0xx_hal_spi.o
    0x08003cd6   0x08003cd6   0x0000039a   Code   RO         4262    i.HAL_SPI_TransmitReceive  stm32l0xx_hal_spi.o
    0x08004070   0x08004070   0x00000008   Code   RO          358    i.HAL_SYSTICK_Callback  main.o
    0x08004078   0x08004078   0x00000038   Code   RO         2816    i.HAL_SYSTICK_Config  stm32l0xx_hal_cortex.o
    0x080040b0   0x080040b0   0x00000008   Code   RO         2817    i.HAL_SYSTICK_IRQHandler  stm32l0xx_hal_cortex.o
    0x080040b8   0x080040b8   0x00000070   Code   RO          359    i.HAL_TIM_IC_CaptureCallback  main.o
    0x08004128   0x08004128   0x00000198   Code   RO         4527    i.HAL_TIM_IRQHandler  stm32l0xx_hal_tim.o
    0x080042c0   0x080042c0   0x00000002   Code   RO         4530    i.HAL_TIM_OC_DelayElapsedCallback  stm32l0xx_hal_tim.o
    0x080042c2   0x080042c2   0x00000002   Code   RO         4557    i.HAL_TIM_PWM_PulseFinishedCallback  stm32l0xx_hal_tim.o
    0x080042c4   0x080042c4   0x00000002   Code   RO         4564    i.HAL_TIM_PeriodElapsedCallback  stm32l0xx_hal_tim.o
    0x080042c6   0x080042c6   0x00000058   Code   RO         4565    i.HAL_TIM_ReadCapturedValue  stm32l0xx_hal_tim.o
    0x0800431e   0x0800431e   0x00000002   Code   RO         4567    i.HAL_TIM_TriggerCallback  stm32l0xx_hal_tim.o
    0x08004320   0x08004320   0x00000048   Code   RO         5140    i.HAL_UART_DeInit   stm32l0xx_hal_uart.o
    0x08004368   0x08004368   0x00000076   Code   RO         5145    i.HAL_UART_Init     stm32l0xx_hal_uart.o
    0x080043de   0x080043de   0x00000002   PAD
    0x080043e0   0x080043e0   0x0000003c   Code   RO         1376    i.HAL_UART_MspDeInit  stm32l0xx_hal_msp.o
    0x0800441c   0x0800441c   0x00000064   Code   RO         1377    i.HAL_UART_MspInit  stm32l0xx_hal_msp.o
    0x08004480   0x08004480   0x000000f0   Code   RO         5153    i.HAL_UART_Transmit  stm32l0xx_hal_uart.o
    0x08004570   0x08004570   0x00000004   Code   RO         1467    i.HardFault_Handler  stm32l0xx_it.o
    0x08004574   0x08004574   0x00000064   Code   RO          360    i.IWDG_Iint         main.o
    0x080045d8   0x080045d8   0x000000b0   Code   RO          363    i.LORA_RX           main.o
    0x08004688   0x08004688   0x00000020   Code   RO          896    i.LoraBurstRead     lora.o
    0x080046a8   0x080046a8   0x00000020   Code   RO          897    i.LoraBurstWrite    lora.o
    0x080046c8   0x080046c8   0x0000004c   Code   RO          898    i.LoraRegRead       lora.o
    0x08004714   0x08004714   0x00000060   Code   RO          899    i.LoraRegWrite      lora.o
    0x08004774   0x08004774   0x00000108   Code   RO          900    i.Lora_CadConfig    lora.o
    0x0800487c   0x0800487c   0x00000022   Code   RO          901    i.Lora_ClearIrq     lora.o
    0x0800489e   0x0800489e   0x00000002   PAD
    0x080048a0   0x080048a0   0x000000a0   Code   RO          902    i.Lora_Config       lora.o
    0x08004940   0x08004940   0x00000250   Code   RO          903    i.Lora_Config_Init  lora.o
    0x08004b90   0x08004b90   0x00000016   Code   RO          904    i.Lora_EntryLoRa    lora.o
    0x08004ba6   0x08004ba6   0x00000002   PAD
    0x08004ba8   0x08004ba8   0x000000dc   Code   RO          905    i.Lora_EntryRx      lora.o
    0x08004c84   0x08004c84   0x00000204   Code   RO          906    i.Lora_EntryTx      lora.o
    0x08004e88   0x08004e88   0x000000e0   Code   RO          907    i.Lora_FEM_CPS_init  lora.o
    0x08004f68   0x08004f68   0x00000010   Code   RO          366    i.Lora_Reset_On     main.o
    0x08004f78   0x08004f78   0x000000e8   Code   RO          908    i.Lora_RxPacket     lora.o
    0x08005060   0x08005060   0x00000016   Code   RO          909    i.Lora_Sleep        lora.o
    0x08005076   0x08005076   0x00000016   Code   RO          910    i.Lora_Standby      lora.o
    0x0800508c   0x0800508c   0x00000048   Code   RO          911    i.Lora_TxPacket     lora.o
    0x080050d4   0x080050d4   0x00000044   Code   RO         1272    i.Measure_Voltage   adc.o
    0x08005118   0x08005118   0x00000002   Code   RO         1468    i.NMI_Handler       stm32l0xx_it.o
    0x0800511a   0x0800511a   0x00000002   PAD
    0x0800511c   0x0800511c   0x00000030   Code   RO          705    i.NTM_Init          i2c.o
    0x0800514c   0x0800514c   0x00000076   Code   RO          707    i.NTM_ReadRandom    i2c.o
    0x080051c2   0x080051c2   0x00000002   PAD
    0x080051c4   0x080051c4   0x00000078   Code   RO         2818    i.NVIC_SetPriority  stm32l0xx_hal_cortex.o
    0x0800523c   0x0800523c   0x00000452   Code   RO         3385    i.PCD_EP_ISR_Handler  stm32l0xx_hal_pcd.o
    0x0800568e   0x0800568e   0x00000026   Code   RO         3386    i.PCD_ReadPMA       stm32l0xx_hal_pcd.o
    0x080056b4   0x080056b4   0x00000034   Code   RO         3387    i.PCD_WritePMA      stm32l0xx_hal_pcd.o
    0x080056e8   0x080056e8   0x00000002   Code   RO         1469    i.PendSV_Handler    stm32l0xx_it.o
    0x080056ea   0x080056ea   0x00000002   PAD
    0x080056ec   0x080056ec   0x00000074   Code   RO          912    i.RFSW_SET_PIN      lora.o
    0x08005760   0x08005760   0x0000001a   Code   RO         3916    i.RTC_Bcd2ToByte    stm32l0xx_hal_rtc.o
    0x0800577a   0x0800577a   0x0000001a   Code   RO         3917    i.RTC_ByteToBcd2    stm32l0xx_hal_rtc.o
    0x08005794   0x08005794   0x00000040   Code   RO         3918    i.RTC_EnterInitMode  stm32l0xx_hal_rtc.o
    0x080057d4   0x080057d4   0x00000034   Code   RO         1318    i.RTC_Handle_init   rtc.o
    0x08005808   0x08005808   0x0000000e   Code   RO         1470    i.RTC_IRQHandler    stm32l0xx_it.o
    0x08005816   0x08005816   0x00000002   PAD
    0x08005818   0x08005818   0x0000005c   Code   RO         1319    i.RTC_TimeStampConfig  rtc.o
    0x08005874   0x08005874   0x0000005c   Code   RO          371    i.ReadLoRaRegFromFlash  main.o
    0x080058d0   0x080058d0   0x00000014   Code   RO          374    i.SPI_SNN_Off       main.o
    0x080058e4   0x080058e4   0x00000014   Code   RO          375    i.SPI_SNN_On        main.o
    0x080058f8   0x080058f8   0x00000118   Code   RO         4283    i.SPI_WaitOnFlagUntilTimeout  stm32l0xx_hal_spi.o
    0x08005a10   0x08005a10   0x00000044   Code   RO          376    i.SPIx_Read         main.o
    0x08005a54   0x08005a54   0x00000030   Code   RO          377    i.SPIx_Write        main.o
    0x08005a84   0x08005a84   0x00000002   Code   RO         1471    i.SVC_Handler       stm32l0xx_it.o
    0x08005a86   0x08005a86   0x00000002   PAD
    0x08005a88   0x08005a88   0x000000c0   Code   RO          379    i.SetDefaultLoRaReg  main.o
    0x08005b48   0x08005b48   0x00000008   Code   RO         1472    i.SysTick_Handler   stm32l0xx_it.o
    0x08005b50   0x08005b50   0x0000007c   Code   RO          382    i.SystemClock12_Config  main.o
    0x08005bcc   0x08005bcc   0x00000026   Code   RO         2015    i.SystemClockConfig_STOP  usbd_conf.o
    0x08005bf2   0x08005bf2   0x00000002   PAD
    0x08005bf4   0x08005bf4   0x00000068   Code   RO         2342    i.SystemInit        system_stm32l0xx.o
    0x08005c5c   0x08005c5c   0x00000024   Code   RO          385    i.SystemPower_Config  main.o
    0x08005c80   0x08005c80   0x0000000c   Code   RO          386    i.System_Init       main.o
    0x08005c8c   0x08005c8c   0x00000010   Code   RO         2304    i.TIM6_DAC_IRQHandler  timer.o
    0x08005c9c   0x08005c9c   0x000000f0   Code   RO         5158    i.UART_AdvFeatureConfig  stm32l0xx_hal_uart.o
    0x08005d8c   0x08005d8c   0x00000060   Code   RO         5159    i.UART_CheckIdleState  stm32l0xx_hal_uart.o
    0x08005dec   0x08005dec   0x00000288   Code   RO         5166    i.UART_SetConfig    stm32l0xx_hal_uart.o
    0x08006074   0x08006074   0x00000100   Code   RO         5168    i.UART_WaitOnFlagUntilTimeout  stm32l0xx_hal_uart.o
    0x08006174   0x08006174   0x00000028   Code   RO          390    i.UARTx_Write       main.o
    0x0800619c   0x0800619c   0x00000018   Code   RO         5448    i.USBD_ClrClassConfig  usbd_core.o
    0x080061b4   0x080061b4   0x0000004a   Code   RO         5582    i.USBD_ClrFeature   usbd_ctlreq.o
    0x080061fe   0x080061fe   0x00000018   Code   RO         5679    i.USBD_CtlContinueRx  usbd_ioreq.o
    0x08006216   0x08006216   0x00000018   Code   RO         5680    i.USBD_CtlContinueSendData  usbd_ioreq.o
    0x0800622e   0x0800622e   0x00000018   Code   RO         5583    i.USBD_CtlError     usbd_ctlreq.o
    0x08006246   0x08006246   0x0000001c   Code   RO         5682    i.USBD_CtlReceiveStatus  usbd_ioreq.o
    0x08006262   0x08006262   0x00000024   Code   RO         5683    i.USBD_CtlSendData  usbd_ioreq.o
    0x08006286   0x08006286   0x0000001c   Code   RO         5684    i.USBD_CtlSendStatus  usbd_ioreq.o
    0x080062a2   0x080062a2   0x00000052   Code   RO         5584    i.USBD_GetConfig    usbd_ctlreq.o
    0x080062f4   0x080062f4   0x00000166   Code   RO         5585    i.USBD_GetDescriptor  usbd_ctlreq.o
    0x0800645a   0x0800645a   0x0000004a   Code   RO         5587    i.USBD_GetStatus    usbd_ctlreq.o
    0x080064a4   0x080064a4   0x00000016   Code   RO         2016    i.USBD_LL_ClearStallEP  usbd_conf.o
    0x080064ba   0x080064ba   0x000000d6   Code   RO         5451    i.USBD_LL_DataInStage  usbd_core.o
    0x08006590   0x08006590   0x00000096   Code   RO         5452    i.USBD_LL_DataOutStage  usbd_core.o
    0x08006626   0x08006626   0x00000036   Code   RO         2023    i.USBD_LL_IsStallEP  usbd_conf.o
    0x0800665c   0x0800665c   0x0000001e   Code   RO         2024    i.USBD_LL_OpenEP    usbd_conf.o
    0x0800667a   0x0800667a   0x0000001e   Code   RO         2025    i.USBD_LL_PrepareReceive  usbd_conf.o
    0x08006698   0x08006698   0x0000004c   Code   RO         5457    i.USBD_LL_Reset     usbd_core.o
    0x080066e4   0x080066e4   0x00000010   Code   RO         5458    i.USBD_LL_Resume    usbd_core.o
    0x080066f4   0x080066f4   0x0000002a   Code   RO         5459    i.USBD_LL_SOF       usbd_core.o
    0x0800671e   0x0800671e   0x00000008   Code   RO         5460    i.USBD_LL_SetSpeed  usbd_core.o
    0x08006726   0x08006726   0x00000016   Code   RO         2026    i.USBD_LL_SetUSBAddress  usbd_conf.o
    0x0800673c   0x0800673c   0x00000084   Code   RO         5461    i.USBD_LL_SetupStage  usbd_core.o
    0x080067c0   0x080067c0   0x00000016   Code   RO         2027    i.USBD_LL_StallEP   usbd_conf.o
    0x080067d6   0x080067d6   0x00000016   Code   RO         5462    i.USBD_LL_Suspend   usbd_core.o
    0x080067ec   0x080067ec   0x0000001e   Code   RO         2030    i.USBD_LL_Transmit  usbd_conf.o
    0x0800680a   0x0800680a   0x00000028   Code   RO         5589    i.USBD_ParseSetupRequest  usbd_ctlreq.o
    0x08006832   0x08006832   0x00000006   Code   RO         5464    i.USBD_RunTestMode  usbd_core.o
    0x08006838   0x08006838   0x00000062   Code   RO         5590    i.USBD_SetAddress   usbd_ctlreq.o
    0x0800689a   0x0800689a   0x0000002a   Code   RO         5465    i.USBD_SetClassConfig  usbd_core.o
    0x080068c4   0x080068c4   0x000000e8   Code   RO         5591    i.USBD_SetConfig    usbd_ctlreq.o
    0x080069ac   0x080069ac   0x0000002a   Code   RO         5592    i.USBD_SetFeature   usbd_ctlreq.o
    0x080069d6   0x080069d6   0x00000072   Code   RO         5593    i.USBD_StdDevReq    usbd_ctlreq.o
    0x08006a48   0x08006a48   0x0000014e   Code   RO         5594    i.USBD_StdEPReq     usbd_ctlreq.o
    0x08006b96   0x08006b96   0x00000052   Code   RO         5595    i.USBD_StdItfReq    usbd_ctlreq.o
    0x08006be8   0x08006be8   0x00000010   Code   RO         1473    i.USB_IRQHandler    stm32l0xx_it.o
    0x08006bf8   0x08006bf8   0x0000002e   Code   RO         5915    i.__ARM_clz         mf_p.l(depilogue.o)
    0x08006c26   0x08006c26   0x0000001c   Code   RO          162    i.__ARM_common_switch8  bochiot_protocol.o
    0x08006c42   0x08006c42   0x00000002   PAD
    0x08006c44   0x08006c44   0x000000fc   Code   RO            3    i.__anaylyze_payload  bochiot_protocol.o
    0x08006d40   0x08006d40   0x0000000a   Code   RO            4    i.__ctrl_dev        bochiot_protocol.o
    0x08006d4a   0x08006d4a   0x00000002   PAD
    0x08006d4c   0x08006d4c   0x00000078   Code   RO            5    i.__get_voltage     bochiot_protocol.o
    0x08006dc4   0x08006dc4   0x0000005c   Code   RO            6    i.__heart_beat      bochiot_protocol.o
    0x08006e20   0x08006e20   0x000000ac   Code   RO            7    i.__register_request  bochiot_protocol.o
    0x08006ecc   0x08006ecc   0x0000000e   Code   RO         5921    i.__scatterload_copy  mc_p.l(handlers.o)
    0x08006eda   0x08006eda   0x00000002   Code   RO         5922    i.__scatterload_null  mc_p.l(handlers.o)
    0x08006edc   0x08006edc   0x0000000e   Code   RO         5923    i.__scatterload_zeroinit  mc_p.l(handlers.o)
    0x08006eea   0x08006eea   0x00000002   PAD
    0x08006eec   0x08006eec   0x00000064   Code   RO          709    i._i2c_Read_Byte    i2c.o
    0x08006f50   0x08006f50   0x00000050   Code   RO          710    i._i2c_SendAck      i2c.o
    0x08006fa0   0x08006fa0   0x00000050   Code   RO          711    i._i2c_SendNoack    i2c.o
    0x08006ff0   0x08006ff0   0x000000c4   Code   RO          712    i._i2c_Send_Byte    i2c.o
    0x080070b4   0x080070b4   0x00000082   Code   RO         1175    i.add_card_ask      ekey.o
    0x08007136   0x08007136   0x00000002   PAD
    0x08007138   0x08007138   0x00000070   Code   RO         1176    i.add_card_handling  ekey.o
    0x080071a8   0x080071a8   0x000000b4   Code   RO         1177    i.add_open_log      ekey.o
    0x0800725c   0x0800725c   0x000000ac   Code   RO           10    i.bochiot_anaylyze_frame  bochiot_protocol.o
    0x08007308   0x08007308   0x00000022   Code   RO           12    i.bochiot_check_str  bochiot_protocol.o
    0x0800732a   0x0800732a   0x00000004   Code   RO           13    i.bochiot_get_devSwitch_status  bochiot_protocol.o
    0x0800732e   0x0800732e   0x00000004   Code   RO           14    i.bochiot_get_dev_type  bochiot_protocol.o
    0x08007332   0x08007332   0x00000002   PAD
    0x08007334   0x08007334   0x00000020   Code   RO           15    i.bochiot_get_gwAddr  bochiot_protocol.o
    0x08007354   0x08007354   0x00000038   Code   RO           16    i.bochiot_get_localAddr  bochiot_protocol.o
    0x0800738c   0x0800738c   0x00000004   Code   RO           17    i.bochiot_get_parkSpot_status  bochiot_protocol.o
    0x08007390   0x08007390   0x0000005c   Code   RO          395    i.bochiot_init      main.o
    0x080073ec   0x080073ec   0x00000040   Code   RO          396    i.bochiot_lock_ctrl  main.o
    0x0800742c   0x0800742c   0x000000ac   Code   RO           19    i.bochiot_packet_payload  bochiot_protocol.o
    0x080074d8   0x080074d8   0x0000000c   Code   RO           20    i.bochiot_protocol_init  bochiot_protocol.o
    0x080074e4   0x080074e4   0x0000004c   Code   RO          397    i.bochiot_send_msg  main.o
    0x08007530   0x08007530   0x0000003c   Code   RO           24    i.bochiot_set_gwAddr  bochiot_protocol.o
    0x0800756c   0x0800756c   0x000000e4   Code   RO           26    i.check_mac         bochiot_protocol.o
    0x08007650   0x08007650   0x00000048   Code   RO          713    i.debugger_init     i2c.o
    0x08007698   0x08007698   0x00000064   Code   RO         1178    i.del_open_log      ekey.o
    0x080076fc   0x080076fc   0x0000001a   Code   RO          715    i.delay_us          i2c.o
    0x08007716   0x08007716   0x00000002   PAD
    0x08007718   0x08007718   0x00000034   Code   RO         1179    i.dequeue_open_log  ekey.o
    0x0800774c   0x0800774c   0x00000068   Code   RO         1180    i.ekey_flash_init   ekey.o
    0x080077b4   0x080077b4   0x00000078   Code   RO         1044    i.ekey_flash_read   flash.o
    0x0800782c   0x0800782c   0x00000034   Code   RO         1181    i.enqueue_open_log  ekey.o
    0x08007860   0x08007860   0x00000054   Code   RO         5838    i.free              mc_p.l(malloc.o)
    0x080078b4   0x080078b4   0x00000008   Code   RO         1320    i.get_RTC_Handle    rtc.o
    0x080078bc   0x080078bc   0x00000026   Code   RO         1182    i.get_opencard_id   ekey.o
    0x080078e2   0x080078e2   0x00000002   PAD
    0x080078e4   0x080078e4   0x00000048   Code   RO         1321    i.get_real_tim      rtc.o
    0x0800792c   0x0800792c   0x0000004c   Code   RO         1183    i.get_write_card_idx  ekey.o
    0x08007978   0x08007978   0x00000034   Code   RO          716    i.i2c_inputpin_init  i2c.o
    0x080079ac   0x080079ac   0x00000034   Code   RO          717    i.i2c_outputpin_init  i2c.o
    0x080079e0   0x080079e0   0x0000003c   Code   RO         1184    i.judge_pwd_valid   ekey.o
    0x08007a1c   0x08007a1c   0x00000034   Code   RO          399    i.lock_and_beep_GPIO_Init  main.o
    0x08007a50   0x08007a50   0x00000060   Code   RO         1185    i.log_tx            ekey.o
    0x08007ab0   0x08007ab0   0x000000b4   Code   RO          400    i.main              main.o
    0x08007b64   0x08007b64   0x0000006c   Code   RO         5839    i.malloc            mc_p.l(malloc.o)
    0x08007bd0   0x08007bd0   0x0000000c   Code   RO          401    i.open_lock         main.o
    0x08007bdc   0x08007bdc   0x00000048   Code   RO         1186    i.refresh_password_status  ekey.o
    0x08007c24   0x08007c24   0x000000c0   Code   RO         1187    i.send_open_log     ekey.o
    0x08007ce4   0x08007ce4   0x00000054   Code   RO          722    i.start_i2c         i2c.o
    0x08007d38   0x08007d38   0x0000005c   Code   RO          723    i.stop_i2c          i2c.o
    0x08007d94   0x08007d94   0x0000002e   Code   RO         1188    i.swipe_card_handling  ekey.o
    0x08007dc2   0x08007dc2   0x00000002   PAD
    0x08007dc4   0x08007dc4   0x0000008c   Code   RO         1322    i.time_request      rtc.o
    0x08007e50   0x08007e50   0x0000001c   Data   RO         3754    .constdata          stm32l0xx_hal_rcc.o
    0x08007e6c   0x08007e6c   0x00000020   Data   RO         5919    Region$$Table       anon$$obj.o


    Execution Region RW_IRAM1 (Exec base: 0x20000000, Load base: 0x08007e8c, Size: 0x00001210, Max: 0x00002000, ABSOLUTE)

    Exec Addr    Load Addr    Size         Type   Attr      Idx    E Section Name        Object

    0x20000000   0x08007e8c   0x00000025   Data   RW           28    .data               bochiot_protocol.o
    0x20000025   0x08007eb1   0x00000003   PAD
    0x20000028   0x08007eb4   0x0000003c   Data   RW          404    .data               main.o
    0x20000064   0x08007ef0   0x0000000a   Data   RW          915    .data               lora.o
    0x2000006e   0x08007efa   0x00000002   PAD
    0x20000070   0x08007efc   0x00000018   Data   RW         1046    .data               flash.o
    0x20000088   0x08007f14   0x00000006   Data   RW         1190    .data               ekey.o
    0x2000008e   0x08007f1a   0x00000002   PAD
    0x20000090   0x08007f1c   0x00000008   Data   RW         1274    .data               adc.o
    0x20000098   0x08007f24   0x00000004   Data   RW         2034    .data               usbd_conf.o
    0x2000009c   0x08007f28   0x00000004   Data   RW         2306    .data               timer.o
    0x200000a0   0x08007f2c   0x0000001d   Data   RW         2343    .data               system_stm32l0xx.o
    0x200000bd   0x08007f49   0x00000003   PAD
    0x200000c0   0x08007f4c   0x00000004   Data   RW         2438    .data               stm32l0xx_hal.o
    0x200000c4   0x08007f50   0x00000019   Data   RW         3755    .data               stm32l0xx_hal_rcc.o
    0x200000dd   0x08007f69   0x00000001   Data   RW         5596    .data               usbd_ctlreq.o
    0x200000de   0x08007f6a   0x00000002   PAD
    0x200000e0   0x08007f6c   0x00000004   Data   RW         5824    .data               mc_p.l(rand.o)
    0x200000e4   0x08007f70   0x00000004   Data   RW         5908    .data               mc_p.l(mvars.o)
    0x200000e8   0x08007f74   0x00000004   Data   RW         5909    .data               mc_p.l(mvars.o)
    0x200000ec        -       0x00000468   Zero   RW          403    .bss                main.o
    0x20000554        -       0x000000c0   Zero   RW          914    .bss                lora.o
    0x20000614        -       0x00000038   Zero   RW         1045    .bss                flash.o
    0x2000064c        -       0x00000150   Zero   RW         1189    .bss                ekey.o
    0x2000079c        -       0x0000005c   Zero   RW         1273    .bss                adc.o
    0x200007f8        -       0x00000024   Zero   RW         1323    .bss                rtc.o
    0x2000081c        -       0x00000188   Zero   RW         2033    .bss                usbd_conf.o
    0x200009a4        -       0x00000038   Zero   RW         2305    .bss                timer.o
    0x200009dc        -       0x00000014   Zero   RW         2983    .bss                stm32l0xx_hal_flash.o
    0x200009f0        -       0x00000020   Zero   RW         3388    .bss                stm32l0xx_hal_pcd.o
    0x20000a10        -       0x00000400   Zero   RW         5810    HEAP                startup_stm32l053xx.o
    0x20000e10        -       0x00000400   Zero   RW         5809    STACK               startup_stm32l053xx.o


==============================================================================

Image component sizes


      Code (inc. data)   RO Data    RW Data    ZI Data      Debug   Object Name

       572         94          0          8         92       2524   adc.o
      1452        110          0         37          0     292420   bochiot_protocol.o
      1310        130          0          6        336       7314   ekey.o
       414         46          0         24         56      13756   flash.o
      1000         64          0          0          0       6141   i2c.o
      2732        144          0         10        192      19851   lora.o
      1824        278          0         60       1128      16818   main.o
       368         28          0          0         36       3139   rtc.o
        32         10        192          0       2048        612   startup_stm32l053xx.o
       138         14          0          4          0       3624   stm32l0xx_hal.o
      1348         52          0          0          0       5686   stm32l0xx_hal_adc.o
       252          0          0          0          0       1162   stm32l0xx_hal_adc_ex.o
       226         26          0          0          0      10202   stm32l0xx_hal_cortex.o
       612         78          0          0         20       9986   stm32l0xx_hal_flash.o
       140          8          0          0          0       1632   stm32l0xx_hal_flash_ex.o
       954         50          0          0          0       4596   stm32l0xx_hal_gpio.o
       472         28          0          0          0       2388   stm32l0xx_hal_iwdg.o
       644         52          0          0          0       4509   stm32l0xx_hal_msp.o
      3970        102          0          0         32      10195   stm32l0xx_hal_pcd.o
        20          4          0          0          0        451   stm32l0xx_hal_pwr.o
        40          8          0          0          0        933   stm32l0xx_hal_pwr_ex.o
      2572        102         28         25          0       5876   stm32l0xx_hal_rcc.o
       460         14          0          0          0       1296   stm32l0xx_hal_rcc_ex.o
      1202         24          0          0          0       6882   stm32l0xx_hal_rtc.o
        80         10          0          0          0       1370   stm32l0xx_hal_rtc_ex.o
      2496          0          0          0          0       6035   stm32l0xx_hal_spi.o
       504         10          0          0          0       3841   stm32l0xx_hal_tim.o
      1670         66          0          0          0       5691   stm32l0xx_hal_uart.o
        62          6          0          0          0       3486   stm32l0xx_it.o
       104         16          0         29          0        977   system_stm32l0xx.o
        16          6          0          4         56        631   timer.o
       478         14          0          4        392       8932   usbd_conf.o
       732          0          0          0          0       6877   usbd_core.o
      1554         34          0          1          0      12371   usbd_ctlreq.o
         0          0          0          0          0       4256   usbd_desc.o
       140          0          0          0          0       3360   usbd_ioreq.o

    ----------------------------------------------------------------------
     30634       1628        252        224       4388     489820   Object Totals
         0          0         32          0          0          0   (incl. Generated)
        44          0          0         12          0          0   (incl. Padding)

    ----------------------------------------------------------------------

      Code (inc. data)   RO Data    RW Data    ZI Data      Debug   Library Member Name

         0          0          0          0          0          0   entry.o
         0          0          0          0          0          0   entry10a.o
         0          0          0          0          0          0   entry11a.o
         8          4          0          0          0          0   entry2.o
         4          0          0          0          0          0   entry5.o
         0          0          0          0          0          0   entry7b.o
         0          0          0          0          0          0   entry8b.o
         8          4          0          0          0          0   entry9a.o
        30          0          0          0          0          0   handlers.o
        36          8          0          0          0         68   init.o
         0          0          0          0          0          0   iusefp.o
        32          0          0          0          0         68   llshl.o
        34          0          0          0          0         68   llushr.o
       192         20          0          0          0        144   malloc.o
        26          0          0          0          0         72   memcmp.o
        36          0          0          0          0         60   memcpya.o
        36          0          0          0          0        100   memseta.o
         0          0          0          8          0          0   mvars.o
        36         12          0          4          0        120   rand.o
        18          0          0          0          0         60   strcpy.o
        44          0          0          0          0         72   uidiv.o
        20          0          0          0          0         68   cfcmple.o
        20          0          0          0          0         68   cfrcmple.o
        56          0          0          0          0         68   d2f.o
       240          6          0          0          0         84   ddiv.o
       236          0          0          0          0        216   depilogue.o
       208          6          0          0          0         88   dmul.o
        40          0          0          0          0         60   f2d.o
       130          0          0          0          0        144   fepilogue.o
        14          0          0          0          0         68   ffltui.o

    ----------------------------------------------------------------------
      1510         60          0         12          0       1696   Library Totals
         6          0          0          0          0          0   (incl. Padding)

    ----------------------------------------------------------------------

      Code (inc. data)   RO Data    RW Data    ZI Data      Debug   Library Name

       540         48          0         12          0        832   mc_p.l
       964         12          0          0          0        864   mf_p.l

    ----------------------------------------------------------------------
      1510         60          0         12          0       1696   Library Totals

    ----------------------------------------------------------------------

==============================================================================


      Code (inc. data)   RO Data    RW Data    ZI Data      Debug   

     32144       1688        252        236       4388     479772   Grand Totals
     32144       1688        252        236       4388     479772   ELF Image Totals
     32144       1688        252        236          0          0   ROM Totals

==============================================================================

    Total RO  Size (Code + RO Data)                32396 (  31.64kB)
    Total RW  Size (RW Data + ZI Data)              4624 (   4.52kB)
    Total ROM Size (Code + RO Data + RW Data)      32632 (  31.87kB)

==============================================================================

